2026-08-01T05:23:07.996Z - [32minfo[39m: Website generation (lazy) started at 13:23:07
2026-08-01T05:23:08.812Z - [32minfo[39m: Building assets...
2026-08-01T05:23:09.205Z - [32minfo[39m: Assets built
2026-08-01T05:23:09.206Z - [32minfo[39m: Generating landing page...
2026-08-01T05:23:09.449Z - [36mverbose[39m: Rendering page: /Users/damithch/Repos/nus-cs2103/cs2103-website-base/index.md
2026-08-01T05:23:09.477Z - [32minfo[39m: Landing page built, other pages will be built as you navigate to them!
2026-08-01T05:23:09.557Z - [32minfo[39m: Site data built
2026-08-01T05:23:09.557Z - [32minfo[39m: Website generation (lazy) complete! Total build time: 1.758s
2026-08-01T05:23:09.570Z - [32minfo[39m: Serving "/Users/damithch/Repos/nus-cs2103/cs2103-website-base/_site" at http://127.0.0.1:8080
2026-08-01T05:23:09.570Z - [32minfo[39m: Press CTRL+C to stop ...
2026-08-01T05:23:16.762Z - [32minfo[39m: Building /Users/damithch/Repos/nus-cs2103/cs2103-website-base/admin/tutorials as some of its dependencies were changed since the last visit
2026-08-01T05:23:17.463Z - [36mverbose[39m: Rendering page: /Users/damithch/Repos/nus-cs2103/cs2103-website-base/admin/tutorials.md
2026-08-01T05:23:17.482Z - [32minfo[39m: Site data built
2026-08-01T05:23:17.482Z - [32minfo[39m: Lazy website regeneration complete! Total build time: 0.722s
2026-08-01T06:17:44.818Z - [32minfo[39m: [14:17:44] Reload for file change: /Users/damithch/Repos/nus-cs2103/cs2103-website-base/admin/courseOverview.md
2026-08-01T06:17:44.820Z - [32minfo[39m: Synchronizing opened pages list before reload
2026-08-01T06:17:44.822Z - [32minfo[39m: Current opened pages, from most-to-least recent:
2026-08-01T06:17:44.822Z - [32minfo[39m: 1. index
2026-08-01T06:17:45.840Z - [32minfo[39m: Rebuilding 1 pages
2026-08-01T06:17:46.007Z - [36mverbose[39m: Rendering page: /Users/damithch/Repos/nus-cs2103/cs2103-website-base/index.md
2026-08-01T06:17:46.035Z - [32minfo[39m: Site data built
2026-08-01T06:17:46.035Z - [32minfo[39m: Pages rebuilt
2026-08-01T06:17:46.035Z - [32minfo[39m: Website regeneration complete! Total build time: 0.209s
2026-08-01T06:18:04.875Z - [32minfo[39m: Building /Users/damithch/Repos/nus-cs2103/cs2103-website-base/schedule/week1/index as some of its dependencies were changed since the last visit
2026-08-01T06:18:05.190Z - [36mverbose[39m: Rendering page: /Users/damithch/Repos/nus-cs2103/cs2103-website-base/schedule/week1/index.md
2026-08-01T06:18:05.204Z - [32minfo[39m: Site data built
2026-08-01T06:18:05.204Z - [32minfo[39m: Lazy website regeneration complete! Total build time: 0.33s
2026-08-01T07:25:52.771Z - [32minfo[39m: [15:25:52] Reload for file change: /Users/damithch/Repos/nus-cs2103/cs2103-website-base/admin/admin-tasks-fragment.md
2026-08-01T07:25:52.776Z - [32minfo[39m: Synchronizing opened pages list before reload
2026-08-01T07:25:52.776Z - [32minfo[39m: Current opened pages, from most-to-least recent:
2026-08-01T07:25:52.777Z - [32minfo[39m: 1. schedule/week1/index
2026-08-01T07:25:53.793Z - [32minfo[39m: Rebuilding 1 pages
2026-08-01T07:25:54.055Z - [36mverbose[39m: Rendering page: /Users/damithch/Repos/nus-cs2103/cs2103-website-base/schedule/week1/index.md
2026-08-01T07:25:54.067Z - [32minfo[39m: Site data built
2026-08-01T07:25:54.067Z - [32minfo[39m: Pages rebuilt
2026-08-01T07:25:54.067Z - [32minfo[39m: Website regeneration complete! Total build time: 0.288s
2026-08-01T07:26:00.188Z - [32minfo[39m: Building /Users/damithch/Repos/nus-cs2103/cs2103-website-base/schedule/week1/admin as some of its dependencies were changed since the last visit
2026-08-01T07:26:02.467Z - [34mdebug[39m: 
2026-08-01T07:26:02.549Z - [36mverbose[39m: Rendering page: /Users/damithch/Repos/nus-cs2103/cs2103-website-base/schedule/week1/admin.md
2026-08-01T07:26:02.581Z - [32minfo[39m: Site data built
2026-08-01T07:26:02.582Z - [32minfo[39m: Lazy website regeneration complete! Total build time: 2.394s
2026-08-01T07:27:27.494Z - [32minfo[39m: [15:27:27] Reload for file change: /Users/damithch/Repos/nus-cs2103/cs2103-website-base/admin/admin-tasks-fragment.md
2026-08-01T07:27:27.495Z - [32minfo[39m: Synchronizing opened pages list before reload
2026-08-01T07:27:27.495Z - [32minfo[39m: Current opened pages, from most-to-least recent:
2026-08-01T07:27:27.495Z - [32minfo[39m: 1. schedule/week1/admin
2026-08-01T07:27:28.501Z - [32minfo[39m: Rebuilding 1 pages
2026-08-01T07:27:29.567Z - [36mverbose[39m: Rendering page: /Users/damithch/Repos/nus-cs2103/cs2103-website-base/schedule/week1/admin.md
2026-08-01T07:27:29.599Z - [32minfo[39m: Site data built
2026-08-01T07:27:29.600Z - [32minfo[39m: Pages rebuilt
2026-08-01T07:27:29.600Z - [32minfo[39m: Website regeneration complete! Total build time: 1.103s
2026-08-01T07:29:37.417Z - [32minfo[39m: [15:29:37] Reload for file change: /Users/damithch/Repos/nus-cs2103/cs2103-website-base/book/_markbind/variables.md
2026-08-01T07:29:37.418Z - [32minfo[39m: Synchronizing opened pages list before reload
2026-08-01T07:29:37.423Z - [32minfo[39m: Current opened pages, from most-to-least recent:
2026-08-01T07:29:37.423Z - [32minfo[39m: 1. schedule/week1/admin
2026-08-01T07:29:38.434Z - [32minfo[39m: No pages needed to be rebuilt
2026-08-01T07:30:03.860Z - [32minfo[39m: [15:30:03] Reload for file change: /Users/damithch/Repos/nus-cs2103/cs2103-website-base/book/_markbind/variables.md
2026-08-01T07:30:03.860Z - [32minfo[39m: Synchronizing opened pages list before reload
2026-08-01T07:30:03.861Z - [32minfo[39m: Current opened pages, from most-to-least recent:
2026-08-01T07:30:03.861Z - [32minfo[39m: 1. schedule/week1/admin
2026-08-01T07:30:04.866Z - [32minfo[39m: No pages needed to be rebuilt
2026-08-01T07:35:09.377Z - [32minfo[39m: [15:35:09] Reload for file change: /Users/damithch/Repos/nus-cs2103/cs2103-website-base/admin/programmingLanguages.md
2026-08-01T07:35:09.378Z - [32minfo[39m: Synchronizing opened pages list before reload
2026-08-01T07:35:09.378Z - [32minfo[39m: Current opened pages, from most-to-least recent:
2026-08-01T07:35:09.379Z - [32minfo[39m: 1. schedule/week1/admin
2026-08-01T07:35:09.379Z - [32minfo[39m: [15:35:09] Reload for file change: /Users/damithch/Repos/nus-cs2103/cs2103-website-base/admin/faq-fragment.md
2026-08-01T07:35:09.379Z - [32minfo[39m: Synchronizing opened pages list before reload
2026-08-01T07:35:09.379Z - [32minfo[39m: Current opened pages, from most-to-least recent:
2026-08-01T07:35:09.379Z - [32minfo[39m: 1. schedule/week1/admin
2026-08-01T07:35:09.380Z - [32minfo[39m: [15:35:09] Reload for file change: /Users/damithch/Repos/nus-cs2103/cs2103-website-base/admin/appendixC-faq.md
2026-08-01T07:35:09.380Z - [32minfo[39m: Synchronizing opened pages list before reload
2026-08-01T07:35:09.380Z - [32minfo[39m: Current opened pages, from most-to-least recent:
2026-08-01T07:35:09.380Z - [32minfo[39m: 1. schedule/week1/admin
2026-08-01T07:35:09.380Z - [32minfo[39m: [15:35:09] Reload for file change: /Users/damithch/Repos/nus-cs2103/cs2103-website-base/admin/common-commentary-fragment.md
2026-08-01T07:35:09.380Z - [32minfo[39m: Synchronizing opened pages list before reload
2026-08-01T07:35:09.380Z - [32minfo[39m: Current opened pages, from most-to-least recent:
2026-08-01T07:35:09.380Z - [32minfo[39m: 1. schedule/week1/admin
2026-08-01T07:35:09.391Z - [32minfo[39m: [15:35:09] Reload for file change: /Users/damithch/Repos/nus-cs2103/cs2103-website-base/_markbind/variables.md
2026-08-01T07:35:09.391Z - [32minfo[39m: Synchronizing opened pages list before reload
2026-08-01T07:35:09.392Z - [32minfo[39m: Current opened pages, from most-to-least recent:
2026-08-01T07:35:09.392Z - [32minfo[39m: 1. schedule/week1/admin
2026-08-01T07:35:10.425Z - [33mwarn[39m: Rebuilding all pages as variables file was changed, or the --force-reload flag was set
2026-08-01T07:35:10.430Z - [32minfo[39m: Rebuilding 1 pages
2026-08-01T07:35:11.435Z - [32minfo[39m: Assets built
2026-08-01T07:35:11.440Z - [36mverbose[39m: Rendering page: /Users/damithch/Repos/nus-cs2103/cs2103-website-base/schedule/week1/admin.md
2026-08-01T07:35:11.467Z - [32minfo[39m: Site data built
2026-08-01T07:35:11.467Z - [32minfo[39m: Pages rebuilt
2026-08-01T07:35:11.467Z - [32minfo[39m: Website regeneration complete! Total build time: 1.082s
2026-08-01T07:37:31.692Z - [32minfo[39m: [15:37:31] Reload for file change: /Users/damithch/Repos/nus-cs2103/cs2103-website-base/admin/programmingLanguages.md
2026-08-01T07:37:31.694Z - [32minfo[39m: Synchronizing opened pages list before reload
2026-08-01T07:37:31.695Z - [32minfo[39m: Current opened pages, from most-to-least recent:
2026-08-01T07:37:31.695Z - [32minfo[39m: 1. schedule/week1/admin
2026-08-01T07:37:32.705Z - [32minfo[39m: Rebuilding 1 pages
2026-08-01T07:37:33.730Z - [36mverbose[39m: Rendering page: /Users/damithch/Repos/nus-cs2103/cs2103-website-base/schedule/week1/admin.md
2026-08-01T07:37:33.761Z - [32minfo[39m: Site data built
2026-08-01T07:37:33.762Z - [32minfo[39m: Pages rebuilt
2026-08-01T07:37:33.762Z - [32minfo[39m: Website regeneration complete! Total build time: 1.064s
2026-08-01T07:40:33.595Z - [32minfo[39m: Building /Users/damithch/Repos/nus-cs2103/cs2103-website-base/schedule/week1/topics as some of its dependencies were changed since the last visit
2026-08-01T07:40:35.149Z - [34mdebug[39m: 
2026-08-01T07:40:35.179Z - [36mverbose[39m: Rendering page: /Users/damithch/Repos/nus-cs2103/cs2103-website-base/schedule/week1/topics.md
2026-08-01T07:40:35.266Z - [32minfo[39m: Site data built
2026-08-01T07:40:35.266Z - [32minfo[39m: Lazy website regeneration complete! Total build time: 1.672s
2026-08-01T07:42:32.737Z - [32minfo[39m: [15:42:32] Reload for file change: /Users/damithch/Repos/nus-cs2103/cs2103-website-base/book/oop/inheritance/abstractClasses/text.md
2026-08-01T07:42:32.739Z - [32minfo[39m: Synchronizing opened pages list before reload
2026-08-01T07:42:32.739Z - [32minfo[39m: Current opened pages, from most-to-least recent:
2026-08-01T07:42:32.739Z - [32minfo[39m: 1. schedule/week1/topics
2026-08-01T07:42:33.757Z - [32minfo[39m: Rebuilding 1 pages
2026-08-01T07:42:34.871Z - [36mverbose[39m: Rendering page: /Users/damithch/Repos/nus-cs2103/cs2103-website-base/schedule/week1/topics.md
2026-08-01T07:42:34.959Z - [32minfo[39m: Site data built
2026-08-01T07:42:34.959Z - [32minfo[39m: Pages rebuilt
2026-08-01T07:42:34.959Z - [32minfo[39m: Website regeneration complete! Total build time: 1.207s
2026-08-01T07:42:57.051Z - [32minfo[39m: [15:42:57] Reload for file change: /Users/damithch/Repos/nus-cs2103/cs2103-website-base/book/oop/inheritance/abstractClasses/text.md
2026-08-01T07:42:57.052Z - [32minfo[39m: Synchronizing opened pages list before reload
2026-08-01T07:42:57.052Z - [32minfo[39m: Current opened pages, from most-to-least recent:
2026-08-01T07:42:57.052Z - [32minfo[39m: 1. schedule/week1/topics
2026-08-01T07:42:58.054Z - [32minfo[39m: Rebuilding 1 pages
2026-08-01T07:42:59.157Z - [36mverbose[39m: Rendering page: /Users/damithch/Repos/nus-cs2103/cs2103-website-base/schedule/week1/topics.md
2026-08-01T07:42:59.241Z - [32minfo[39m: Site data built
2026-08-01T07:42:59.241Z - [32minfo[39m: Pages rebuilt
2026-08-01T07:42:59.241Z - [32minfo[39m: Website regeneration complete! Total build time: 1.189s
2026-08-01T07:43:18.727Z - [32minfo[39m: [15:43:18] Reload for file change: /Users/damithch/Repos/nus-cs2103/cs2103-website-base/book/oop/inheritance/abstractClasses/text.md
2026-08-01T07:43:18.729Z - [32minfo[39m: Synchronizing opened pages list before reload
2026-08-01T07:43:18.730Z - [32minfo[39m: Current opened pages, from most-to-least recent:
2026-08-01T07:43:18.733Z - [32minfo[39m: 1. schedule/week1/topics
2026-08-01T07:43:19.738Z - [32minfo[39m: Rebuilding 1 pages
2026-08-01T07:43:20.862Z - [36mverbose[39m: Rendering page: /Users/damithch/Repos/nus-cs2103/cs2103-website-base/schedule/week1/topics.md
2026-08-01T07:43:20.949Z - [32minfo[39m: Site data built
2026-08-01T07:43:20.949Z - [32minfo[39m: Pages rebuilt
2026-08-01T07:43:20.949Z - [32minfo[39m: Website regeneration complete! Total build time: 1.214s
2026-08-01T07:43:40.043Z - [32minfo[39m: [15:43:40] Reload for file change: /Users/damithch/Repos/nus-cs2103/cs2103-website-base/book/oop/inheritance/abstractClasses/text.md
2026-08-01T07:43:40.043Z - [32minfo[39m: Synchronizing opened pages list before reload
2026-08-01T07:43:40.044Z - [32minfo[39m: Current opened pages, from most-to-least recent:
2026-08-01T07:43:40.044Z - [32minfo[39m: 1. schedule/week1/topics
2026-08-01T07:43:41.051Z - [32minfo[39m: Rebuilding 1 pages
2026-08-01T07:43:42.123Z - [36mverbose[39m: Rendering page: /Users/damithch/Repos/nus-cs2103/cs2103-website-base/schedule/week1/topics.md
2026-08-01T07:43:42.234Z - [32minfo[39m: Site data built
2026-08-01T07:43:42.235Z - [32minfo[39m: Pages rebuilt
2026-08-01T07:43:42.235Z - [32minfo[39m: Website regeneration complete! Total build time: 1.186s
2026-08-01T07:43:52.728Z - [32minfo[39m: [15:43:52] Reload for file change: /Users/damithch/Repos/nus-cs2103/cs2103-website-base/book/oop/inheritance/abstractClasses/text.md
2026-08-01T07:43:52.729Z - [32minfo[39m: Synchronizing opened pages list before reload
2026-08-01T07:43:52.729Z - [32minfo[39m: Current opened pages, from most-to-least recent:
2026-08-01T07:43:52.729Z - [32minfo[39m: 1. schedule/week1/topics
2026-08-01T07:43:53.735Z - [32minfo[39m: Rebuilding 1 pages
2026-08-01T07:43:54.829Z - [36mverbose[39m: Rendering page: /Users/damithch/Repos/nus-cs2103/cs2103-website-base/schedule/week1/topics.md
2026-08-01T07:43:54.920Z - [32minfo[39m: Site data built
2026-08-01T07:43:54.920Z - [32minfo[39m: Pages rebuilt
2026-08-01T07:43:54.920Z - [32minfo[39m: Website regeneration complete! Total build time: 1.187s
2026-08-01T07:45:15.434Z - [32minfo[39m: [15:45:15] Reload for file change: /Users/damithch/Repos/nus-cs2103/cs2103-website-base/book/cppToJava/collections/what/text.md
2026-08-01T07:45:15.436Z - [32minfo[39m: Synchronizing opened pages list before reload
2026-08-01T07:45:15.437Z - [32minfo[39m: Current opened pages, from most-to-least recent:
2026-08-01T07:45:15.438Z - [32minfo[39m: 1. schedule/week1/topics
2026-08-01T07:45:16.443Z - [32minfo[39m: Rebuilding 1 pages
2026-08-01T07:45:17.548Z - [36mverbose[39m: Rendering page: /Users/damithch/Repos/nus-cs2103/cs2103-website-base/schedule/week1/topics.md
2026-08-01T07:45:17.637Z - [32minfo[39m: Site data built
2026-08-01T07:45:17.637Z - [32minfo[39m: Pages rebuilt
2026-08-01T07:45:17.637Z - [32minfo[39m: Website regeneration complete! Total build time: 1.197s
2026-08-01T07:45:40.843Z - [32minfo[39m: [15:45:40] Reload for file change: /Users/damithch/Repos/nus-cs2103/cs2103-website-base/book/cppToJava/collections/what/text.md
2026-08-01T07:45:40.843Z - [32minfo[39m: Synchronizing opened pages list before reload
2026-08-01T07:45:40.843Z - [32minfo[39m: Current opened pages, from most-to-least recent:
2026-08-01T07:45:40.843Z - [32minfo[39m: 1. schedule/week1/topics
2026-08-01T07:45:41.844Z - [32minfo[39m: Rebuilding 1 pages
2026-08-01T07:45:42.942Z - [36mverbose[39m: Rendering page: /Users/damithch/Repos/nus-cs2103/cs2103-website-base/schedule/week1/topics.md
2026-08-01T07:45:43.030Z - [32minfo[39m: Site data built
2026-08-01T07:45:43.030Z - [32minfo[39m: Pages rebuilt
2026-08-01T07:45:43.030Z - [32minfo[39m: Website regeneration complete! Total build time: 1.187s
2026-08-01T07:46:05.125Z - [32minfo[39m: [15:46:05] Reload for file change: /Users/damithch/Repos/nus-cs2103/cs2103-website-base/book/cppToJava/collections/what/text.md
2026-08-01T07:46:05.125Z - [32minfo[39m: Synchronizing opened pages list before reload
2026-08-01T07:46:05.125Z - [32minfo[39m: Current opened pages, from most-to-least recent:
2026-08-01T07:46:05.126Z - [32minfo[39m: 1. schedule/week1/topics
2026-08-01T07:46:06.131Z - [32minfo[39m: Rebuilding 1 pages
2026-08-01T07:46:07.218Z - [36mverbose[39m: Rendering page: /Users/damithch/Repos/nus-cs2103/cs2103-website-base/schedule/week1/topics.md
2026-08-01T07:46:07.302Z - [32minfo[39m: Site data built
2026-08-01T07:46:07.302Z - [32minfo[39m: Pages rebuilt
2026-08-01T07:46:07.302Z - [32minfo[39m: Website regeneration complete! Total build time: 1.173s
2026-08-01T07:46:24.778Z - [32minfo[39m: [15:46:24] Reload for file change: /Users/damithch/Repos/nus-cs2103/cs2103-website-base/book/cppToJava/collections/what/text.md
2026-08-01T07:46:24.778Z - [32minfo[39m: Synchronizing opened pages list before reload
2026-08-01T07:46:24.778Z - [32minfo[39m: Current opened pages, from most-to-least recent:
2026-08-01T07:46:24.778Z - [32minfo[39m: 1. schedule/week1/topics
2026-08-01T07:46:25.792Z - [32minfo[39m: Rebuilding 1 pages
2026-08-01T07:46:26.886Z - [36mverbose[39m: Rendering page: /Users/damithch/Repos/nus-cs2103/cs2103-website-base/schedule/week1/topics.md
2026-08-01T07:46:26.968Z - [32minfo[39m: Site data built
2026-08-01T07:46:26.969Z - [32minfo[39m: Pages rebuilt
2026-08-01T07:46:26.969Z - [32minfo[39m: Website regeneration complete! Total build time: 1.179s
2026-08-01T07:46:34.666Z - [32minfo[39m: [15:46:34] Reload for file change: /Users/damithch/Repos/nus-cs2103/cs2103-website-base/book/cppToJava/collections/what/text.md
2026-08-01T07:46:34.667Z - [32minfo[39m: Synchronizing opened pages list before reload
2026-08-01T07:46:34.667Z - [32minfo[39m: Current opened pages, from most-to-least recent:
2026-08-01T07:46:34.667Z - [32minfo[39m: 1. schedule/week1/topics
2026-08-01T07:46:35.669Z - [32minfo[39m: Rebuilding 1 pages
2026-08-01T07:46:36.708Z - [36mverbose[39m: Rendering page: /Users/damithch/Repos/nus-cs2103/cs2103-website-base/schedule/week1/topics.md
2026-08-01T07:46:36.790Z - [32minfo[39m: Site data built
2026-08-01T07:46:36.790Z - [32minfo[39m: Pages rebuilt
2026-08-01T07:46:36.790Z - [32minfo[39m: Website regeneration complete! Total build time: 1.122s
2026-08-01T07:47:31.231Z - [32minfo[39m: Building /Users/damithch/Repos/nus-cs2103/cs2103-website-base/schedule/week1/project as some of its dependencies were changed since the last visit
2026-08-01T07:47:31.373Z - [36mverbose[39m: Rendering page: /Users/damithch/Repos/nus-cs2103/cs2103-website-base/schedule/week1/project.md
2026-08-01T07:47:31.398Z - [32minfo[39m: Site data built
2026-08-01T07:47:31.398Z - [32minfo[39m: Lazy website regeneration complete! Total build time: 0.168s
2026-08-01T07:47:35.361Z - [32minfo[39m: Building /Users/damithch/Repos/nus-cs2103/cs2103-website-base/schedule/week1/tutorial as some of its dependencies were changed since the last visit
2026-08-01T07:47:35.469Z - [36mverbose[39m: Rendering page: /Users/damithch/Repos/nus-cs2103/cs2103-website-base/schedule/week1/tutorial.md
2026-08-01T07:47:35.477Z - [32minfo[39m: Site data built
2026-08-01T07:47:35.478Z - [32minfo[39m: Lazy website regeneration complete! Total build time: 0.117s
2026-08-01T07:47:38.121Z - [32minfo[39m: Building /Users/damithch/Repos/nus-cs2103/cs2103-website-base/schedule/week2/index as some of its dependencies were changed since the last visit
2026-08-01T07:47:38.322Z - [36mverbose[39m: Rendering page: /Users/damithch/Repos/nus-cs2103/cs2103-website-base/schedule/week2/index.md
2026-08-01T07:47:38.331Z - [32minfo[39m: Site data built
2026-08-01T07:47:38.331Z - [32minfo[39m: Lazy website regeneration complete! Total build time: 0.21s
2026-08-01T07:49:29.503Z - [32minfo[39m: [15:49:29] Reload for file change: /Users/damithch/Repos/nus-cs2103/cs2103-website-base/admin/courseBriefings.md
2026-08-01T07:49:29.508Z - [32minfo[39m: Synchronizing opened pages list before reload
2026-08-01T07:49:29.510Z - [32minfo[39m: Current opened pages, from most-to-least recent:
2026-08-01T07:49:29.510Z - [32minfo[39m: 1. schedule/week2/index
2026-08-01T07:49:29.510Z - [32minfo[39m: 2. schedule/week1/tutorial
2026-08-01T07:49:30.522Z - [32minfo[39m: Rebuilding 1 pages
2026-08-01T07:49:30.728Z - [36mverbose[39m: Rendering page: /Users/damithch/Repos/nus-cs2103/cs2103-website-base/schedule/week2/index.md
2026-08-01T07:49:30.744Z - [32minfo[39m: Site data built
2026-08-01T07:49:30.744Z - [32minfo[39m: Pages rebuilt
2026-08-01T07:49:30.744Z - [32minfo[39m: Website regeneration complete! Total build time: 0.231s
2026-08-01T07:50:14.057Z - [32minfo[39m: Building /Users/damithch/Repos/nus-cs2103/cs2103-website-base/schedule/week2/admin as some of its dependencies were changed since the last visit
2026-08-01T07:50:14.507Z - [36mverbose[39m: Rendering page: /Users/damithch/Repos/nus-cs2103/cs2103-website-base/schedule/week2/admin.md
2026-08-01T07:50:14.530Z - [32minfo[39m: Site data built
2026-08-01T07:50:14.530Z - [32minfo[39m: Lazy website regeneration complete! Total build time: 0.473s
2026-08-01T07:50:48.909Z - [32minfo[39m: Building /Users/damithch/Repos/nus-cs2103/cs2103-website-base/schedule/week2/topics as some of its dependencies were changed since the last visit
2026-08-01T07:50:49.332Z - [36mverbose[39m: Rendering page: /Users/damithch/Repos/nus-cs2103/cs2103-website-base/schedule/week2/topics.md
2026-08-01T07:50:49.365Z - [32minfo[39m: Site data built
2026-08-01T07:50:49.365Z - [32minfo[39m: Lazy website regeneration complete! Total build time: 0.456s
2026-08-01T07:56:32.867Z - [32minfo[39m: [15:56:32] Reload for file change: /Users/damithch/Repos/nus-cs2103/cs2103-website-base/book/common/macros.njk
2026-08-01T07:56:32.874Z - [32minfo[39m: Synchronizing opened pages list before reload
2026-08-01T07:56:32.877Z - [32minfo[39m: Current opened pages, from most-to-least recent:
2026-08-01T07:56:32.877Z - [32minfo[39m: 1. schedule/week2/topics
2026-08-01T07:56:32.877Z - [32minfo[39m: 2. schedule/week1/tutorial
2026-08-01T07:56:33.885Z - [32minfo[39m: Rebuilding 1 pages
2026-08-01T07:56:34.280Z - [36mverbose[39m: Rendering page: /Users/damithch/Repos/nus-cs2103/cs2103-website-base/schedule/week2/topics.md
2026-08-01T07:56:34.308Z - [32minfo[39m: Site data built
2026-08-01T07:56:34.308Z - [32minfo[39m: Pages rebuilt
2026-08-01T07:56:34.308Z - [32minfo[39m: Website regeneration complete! Total build time: 0.429s
2026-08-01T07:58:20.627Z - [32minfo[39m: [15:58:20] Reload for file change: /Users/damithch/Repos/nus-cs2103/cs2103-website-base/book/_markbind/variables.md
2026-08-01T07:58:20.629Z - [32minfo[39m: Synchronizing opened pages list before reload
2026-08-01T07:58:20.632Z - [32minfo[39m: Current opened pages, from most-to-least recent:
2026-08-01T07:58:20.633Z - [32minfo[39m: 1. schedule/week2/topics
2026-08-01T07:58:21.652Z - [32minfo[39m: No pages needed to be rebuilt
2026-08-01T07:58:37.768Z - [32minfo[39m: Website generation (lazy) started at 15:58:37
2026-08-01T07:58:38.275Z - [32minfo[39m: Building assets...
2026-08-01T07:58:38.689Z - [32minfo[39m: Assets built
2026-08-01T07:58:38.689Z - [32minfo[39m: Generating landing page...
2026-08-01T07:58:38.935Z - [36mverbose[39m: Rendering page: /Users/damithch/Repos/nus-cs2103/cs2103-website-base/index.md
2026-08-01T07:58:38.964Z - [32minfo[39m: Landing page built, other pages will be built as you navigate to them!
2026-08-01T07:58:39.040Z - [32minfo[39m: Site data built
2026-08-01T07:58:39.040Z - [32minfo[39m: Website generation (lazy) complete! Total build time: 1.441s
2026-08-01T07:58:39.050Z - [32minfo[39m: Serving "/Users/damithch/Repos/nus-cs2103/cs2103-website-base/_site" at http://127.0.0.1:8080
2026-08-01T07:58:39.051Z - [32minfo[39m: Press CTRL+C to stop ...
2026-08-01T07:58:54.944Z - [32minfo[39m: Building /Users/damithch/Repos/nus-cs2103/cs2103-website-base/schedule/week2/index as some of its dependencies were changed since the last visit
2026-08-01T07:58:55.235Z - [36mverbose[39m: Rendering page: /Users/damithch/Repos/nus-cs2103/cs2103-website-base/schedule/week2/index.md
2026-08-01T07:58:55.252Z - [32minfo[39m: Site data built
2026-08-01T07:58:55.252Z - [32minfo[39m: Lazy website regeneration complete! Total build time: 0.309s
2026-08-01T07:58:57.614Z - [32minfo[39m: Building /Users/damithch/Repos/nus-cs2103/cs2103-website-base/schedule/week2/topics as some of its dependencies were changed since the last visit
2026-08-01T07:58:57.971Z - [36mverbose[39m: Rendering page: /Users/damithch/Repos/nus-cs2103/cs2103-website-base/schedule/week2/topics.md
2026-08-01T07:58:57.998Z - [32minfo[39m: Site data built
2026-08-01T07:58:57.998Z - [32minfo[39m: Lazy website regeneration complete! Total build time: 0.384s
2026-08-01T08:01:50.921Z - [32minfo[39m: [16:01:50] Reload for file change: /Users/damithch/Repos/nus-cs2103/cs2103-website-base/book/common/macros.njk
2026-08-01T08:01:50.923Z - [32minfo[39m: Synchronizing opened pages list before reload
2026-08-01T08:01:50.926Z - [32minfo[39m: Current opened pages, from most-to-least recent:
2026-08-01T08:01:50.926Z - [32minfo[39m: 1. schedule/week2/topics
2026-08-01T08:01:51.949Z - [32minfo[39m: Rebuilding 1 pages
2026-08-01T08:01:52.340Z - [36mverbose[39m: Rendering page: /Users/damithch/Repos/nus-cs2103/cs2103-website-base/schedule/week2/topics.md
2026-08-01T08:01:52.369Z - [32minfo[39m: Site data built
2026-08-01T08:01:52.369Z - [32minfo[39m: Pages rebuilt
2026-08-01T08:01:52.369Z - [32minfo[39m: Website regeneration complete! Total build time: 0.431s
2026-08-01T08:02:16.684Z - [32minfo[39m: [16:02:16] Reload for file change: /Users/damithch/Repos/nus-cs2103/cs2103-website-base/book/_markbind/variables.md
2026-08-01T08:02:16.685Z - [32minfo[39m: Synchronizing opened pages list before reload
2026-08-01T08:02:16.685Z - [32minfo[39m: No pages are currently opened
2026-08-01T08:02:17.718Z - [32minfo[39m: No pages needed to be rebuilt
2026-08-01T08:03:32.655Z - [32minfo[39m: [16:03:32] Reload for file change: /Users/damithch/Repos/nus-cs2103/cs2103-website-base/_markbind/layouts/header.md
2026-08-01T08:03:32.656Z - [32minfo[39m: Synchronizing opened pages list before reload
2026-08-01T08:03:32.657Z - [32minfo[39m: Current opened pages, from most-to-least recent:
2026-08-01T08:03:32.657Z - [32minfo[39m: 1. schedule/week2/topics
2026-08-01T08:03:33.755Z - [32minfo[39m: Rebuilding 1 pages
2026-08-01T08:03:34.073Z - [36mverbose[39m: Rendering page: /Users/damithch/Repos/nus-cs2103/cs2103-website-base/schedule/week2/topics.md
2026-08-01T08:03:34.101Z - [32minfo[39m: Site data built
2026-08-01T08:03:34.101Z - [32minfo[39m: Pages rebuilt
2026-08-01T08:03:34.101Z - [32minfo[39m: Website regeneration complete! Total build time: 0.348s
2026-08-01T08:03:57.088Z - [32minfo[39m: [16:03:57] Reload for file change: /Users/damithch/Repos/nus-cs2103/cs2103-website-base/_markbind/layouts/header.md
2026-08-01T08:03:57.089Z - [32minfo[39m: Synchronizing opened pages list before reload
2026-08-01T08:03:57.089Z - [32minfo[39m: Current opened pages, from most-to-least recent:
2026-08-01T08:03:57.090Z - [32minfo[39m: 1. schedule/week2/topics
2026-08-01T08:03:58.215Z - [32minfo[39m: Rebuilding 1 pages
2026-08-01T08:03:58.519Z - [36mverbose[39m: Rendering page: /Users/damithch/Repos/nus-cs2103/cs2103-website-base/schedule/week2/topics.md
2026-08-01T08:03:58.550Z - [32minfo[39m: Site data built
2026-08-01T08:03:58.550Z - [32minfo[39m: Pages rebuilt
2026-08-01T08:03:58.550Z - [32minfo[39m: Website regeneration complete! Total build time: 0.336s
2026-08-01T08:04:47.724Z - [32minfo[39m: [16:04:47] Reload for file change: /Users/damithch/Repos/nus-cs2103/cs2103-website-base/_markbind/layouts/header.md
2026-08-01T08:04:47.728Z - [32minfo[39m: Synchronizing opened pages list before reload
2026-08-01T08:04:47.729Z - [32minfo[39m: Current opened pages, from most-to-least recent:
2026-08-01T08:04:47.729Z - [32minfo[39m: 1. schedule/week2/topics
2026-08-01T08:04:48.852Z - [32minfo[39m: Rebuilding 1 pages
2026-08-01T08:04:49.166Z - [36mverbose[39m: Rendering page: /Users/damithch/Repos/nus-cs2103/cs2103-website-base/schedule/week2/topics.md
2026-08-01T08:04:49.200Z - [32minfo[39m: Site data built
2026-08-01T08:04:49.200Z - [32minfo[39m: Pages rebuilt
2026-08-01T08:04:49.200Z - [32minfo[39m: Website regeneration complete! Total build time: 0.352s
2026-08-01T08:05:16.448Z - [32minfo[39m: [16:05:16] Reload for file change: /Users/damithch/Repos/nus-cs2103/cs2103-website-base/_markbind/layouts/header.md
2026-08-01T08:05:16.449Z - [32minfo[39m: Synchronizing opened pages list before reload
2026-08-01T08:05:16.449Z - [32minfo[39m: Current opened pages, from most-to-least recent:
2026-08-01T08:05:16.449Z - [32minfo[39m: 1. schedule/week2/topics
2026-08-01T08:05:17.568Z - [32minfo[39m: Rebuilding 1 pages
2026-08-01T08:05:17.862Z - [36mverbose[39m: Rendering page: /Users/damithch/Repos/nus-cs2103/cs2103-website-base/schedule/week2/topics.md
2026-08-01T08:05:17.896Z - [32minfo[39m: Site data built
2026-08-01T08:05:17.896Z - [32minfo[39m: Pages rebuilt
2026-08-01T08:05:17.896Z - [32minfo[39m: Website regeneration complete! Total build time: 0.33s
2026-08-01T08:06:46.539Z - [32minfo[39m: [16:06:46] Reload for file change: /Users/damithch/Repos/nus-cs2103/cs2103-website-base/book/common/macros.njk
2026-08-01T08:06:46.540Z - [32minfo[39m: Synchronizing opened pages list before reload
2026-08-01T08:06:46.541Z - [32minfo[39m: Current opened pages, from most-to-least recent:
2026-08-01T08:06:46.541Z - [32minfo[39m: 1. schedule/week2/topics
2026-08-01T08:06:47.554Z - [32minfo[39m: Rebuilding 1 pages
2026-08-01T08:06:47.966Z - [36mverbose[39m: Rendering page: /Users/damithch/Repos/nus-cs2103/cs2103-website-base/schedule/week2/topics.md
2026-08-01T08:06:47.995Z - [32minfo[39m: Site data built
2026-08-01T08:06:47.995Z - [32minfo[39m: Pages rebuilt
2026-08-01T08:06:47.995Z - [32minfo[39m: Website regeneration complete! Total build time: 0.448s
2026-08-01T08:07:19.848Z - [32minfo[39m: [16:07:19] Reload for file change: /Users/damithch/Repos/nus-cs2103/cs2103-website-base/book/common/macros.njk
2026-08-01T08:07:19.849Z - [32minfo[39m: Synchronizing opened pages list before reload
2026-08-01T08:07:19.849Z - [32minfo[39m: Current opened pages, from most-to-least recent:
2026-08-01T08:07:19.849Z - [32minfo[39m: 1. schedule/week2/topics
2026-08-01T08:07:20.873Z - [32minfo[39m: Rebuilding 1 pages
2026-08-01T08:07:21.299Z - [36mverbose[39m: Rendering page: /Users/damithch/Repos/nus-cs2103/cs2103-website-base/schedule/week2/topics.md
2026-08-01T08:07:21.329Z - [32minfo[39m: Site data built
2026-08-01T08:07:21.329Z - [32minfo[39m: Pages rebuilt
2026-08-01T08:07:21.329Z - [32minfo[39m: Website regeneration complete! Total build time: 0.461s
2026-08-01T08:09:07.678Z - [32minfo[39m: [16:09:07] Reload for file change: /Users/damithch/Repos/nus-cs2103/cs2103-website-base/book/ides/introduction/what/text.md
2026-08-01T08:09:07.682Z - [32minfo[39m: Synchronizing opened pages list before reload
2026-08-01T08:09:07.682Z - [32minfo[39m: Current opened pages, from most-to-least recent:
2026-08-01T08:09:07.682Z - [32minfo[39m: 1. schedule/week2/topics
2026-08-01T08:09:08.690Z - [32minfo[39m: Rebuilding 1 pages
2026-08-01T08:09:09.087Z - [36mverbose[39m: Rendering page: /Users/damithch/Repos/nus-cs2103/cs2103-website-base/schedule/week2/topics.md
2026-08-01T08:09:09.116Z - [32minfo[39m: Site data built
2026-08-01T08:09:09.116Z - [32minfo[39m: Pages rebuilt
2026-08-01T08:09:09.116Z - [32minfo[39m: Website regeneration complete! Total build time: 0.432s
2026-08-01T08:09:31.148Z - [32minfo[39m: [16:09:31] Reload for file change: /Users/damithch/Repos/nus-cs2103/cs2103-website-base/book/ides/introduction/what/text.md
2026-08-01T08:09:31.149Z - [32minfo[39m: Synchronizing opened pages list before reload
2026-08-01T08:09:31.149Z - [32minfo[39m: Current opened pages, from most-to-least recent:
2026-08-01T08:09:31.149Z - [32minfo[39m: 1. schedule/week2/topics
2026-08-01T08:09:32.154Z - [32minfo[39m: Rebuilding 1 pages
2026-08-01T08:09:32.594Z - [36mverbose[39m: Rendering page: /Users/damithch/Repos/nus-cs2103/cs2103-website-base/schedule/week2/topics.md
2026-08-01T08:09:32.626Z - [32minfo[39m: Site data built
2026-08-01T08:09:32.626Z - [32minfo[39m: Pages rebuilt
2026-08-01T08:09:32.626Z - [32minfo[39m: Website regeneration complete! Total build time: 0.476s
2026-08-01T08:09:57.978Z - [32minfo[39m: [16:09:57] Reload for file change: /Users/damithch/Repos/nus-cs2103/cs2103-website-base/book/ides/introduction/what/text.md
2026-08-01T08:09:57.979Z - [32minfo[39m: Synchronizing opened pages list before reload
2026-08-01T08:09:57.979Z - [32minfo[39m: No pages are currently opened
2026-08-01T08:09:58.981Z - [32minfo[39m: No pages needed to be rebuilt
2026-08-01T08:11:08.824Z - [32minfo[39m: [16:11:08] Reload for file change: /Users/damithch/Repos/nus-cs2103/cs2103-website-base/book/ides/introduction/what/text.md
2026-08-01T08:11:08.826Z - [32minfo[39m: Synchronizing opened pages list before reload
2026-08-01T08:11:08.827Z - [32minfo[39m: No pages are currently opened
2026-08-01T08:11:09.834Z - [32minfo[39m: No pages needed to be rebuilt
2026-08-01T08:11:11.797Z - [32minfo[39m: Building /Users/damithch/Repos/nus-cs2103/cs2103-website-base/schedule/week2/topics as some of its dependencies were changed since the last visit
2026-08-01T08:11:12.172Z - [36mverbose[39m: Rendering page: /Users/damithch/Repos/nus-cs2103/cs2103-website-base/schedule/week2/topics.md
2026-08-01T08:11:12.199Z - [32minfo[39m: Site data built
2026-08-01T08:11:12.200Z - [32minfo[39m: Lazy website regeneration complete! Total build time: 0.403s
2026-08-01T08:11:20.143Z - [32minfo[39m: [16:11:20] Reload for file change: /Users/damithch/Repos/nus-cs2103/cs2103-website-base/book/ides/introduction/what/text.md
2026-08-01T08:11:20.143Z - [32minfo[39m: Synchronizing opened pages list before reload
2026-08-01T08:11:20.144Z - [32minfo[39m: Current opened pages, from most-to-least recent:
2026-08-01T08:11:20.144Z - [32minfo[39m: 1. schedule/week2/topics
2026-08-01T08:11:21.148Z - [32minfo[39m: Rebuilding 1 pages
2026-08-01T08:11:21.522Z - [36mverbose[39m: Rendering page: /Users/damithch/Repos/nus-cs2103/cs2103-website-base/schedule/week2/topics.md
2026-08-01T08:11:21.559Z - [32minfo[39m: Site data built
2026-08-01T08:11:21.559Z - [32minfo[39m: Pages rebuilt
2026-08-01T08:11:21.559Z - [32minfo[39m: Website regeneration complete! Total build time: 0.413s
2026-08-01T08:14:12.276Z - [32minfo[39m: Building /Users/damithch/Repos/nus-cs2103/cs2103-website-base/schedule/week2/project as some of its dependencies were changed since the last visit
2026-08-01T08:14:13.358Z - [36mverbose[39m: Rendering page: /Users/damithch/Repos/nus-cs2103/cs2103-website-base/schedule/week2/project.md
2026-08-01T08:14:13.383Z - [32minfo[39m: Site data built
2026-08-01T08:14:13.383Z - [32minfo[39m: Lazy website regeneration complete! Total build time: 1.108s
2026-08-01T09:02:03.810Z - [32minfo[39m: [17:02:03] Reload for file change: /Users/damithch/Repos/nus-cs2103/cs2103-website-base/common/macros.njk
2026-08-01T09:02:03.833Z - [32minfo[39m: Synchronizing opened pages list before reload
2026-08-01T09:02:03.834Z - [32minfo[39m: Current opened pages, from most-to-least recent:
2026-08-01T09:02:03.835Z - [32minfo[39m: 1. schedule/week2/project
2026-08-01T09:02:04.997Z - [32minfo[39m: Rebuilding 1 pages
2026-08-01T09:02:06.106Z - [36mverbose[39m: Rendering page: /Users/damithch/Repos/nus-cs2103/cs2103-website-base/schedule/week2/project.md
2026-08-01T09:02:06.134Z - [32minfo[39m: Site data built
2026-08-01T09:02:06.134Z - [32minfo[39m: Pages rebuilt
2026-08-01T09:02:06.134Z - [32minfo[39m: Website regeneration complete! Total build time: 1.151s
2026-08-01T14:40:27.227Z - [32minfo[39m: Building /Users/damithch/Repos/nus-cs2103/cs2103-website-base/schedule/week1/tutorial as some of its dependencies were changed since the last visit
2026-08-01T14:40:27.568Z - [36mverbose[39m: Rendering page: /Users/damithch/Repos/nus-cs2103/cs2103-website-base/schedule/week1/tutorial.md
2026-08-01T14:40:27.607Z - [32minfo[39m: Site data built
2026-08-01T14:40:27.607Z - [32minfo[39m: Lazy website regeneration complete! Total build time: 0.399s
