2026-09-13T16:01:33.470Z - [32minfo[39m: [00:01:33] Reload for file change: /Users/damithch/Repos/nus-cs2103/cs2103-website-base/book/debugging/fixing/text.md
2026-09-13T16:01:33.489Z - [32minfo[39m: Synchronizing opened pages list before reload
2026-09-13T16:01:33.489Z - [32minfo[39m: Current opened pages, from most-to-least recent:
2026-09-13T16:01:33.490Z - [32minfo[39m: 1. se-book-adapted/chapters/debugging
2026-09-13T16:01:34.500Z - [32minfo[39m: Rebuilding 1 pages
2026-09-13T16:01:34.755Z - [36mverbose[39m: Rendering page: /Users/damithch/Repos/nus-cs2103/cs2103-website-base/se-book-adapted/chapters/debugging.md
2026-09-13T16:01:34.777Z - [32minfo[39m: Site data built
2026-09-13T16:01:34.777Z - [32minfo[39m: Pages rebuilt
2026-09-13T16:01:34.777Z - [32minfo[39m: Website regeneration complete! Total build time: 0.284s
2026-09-13T16:03:36.352Z - [32minfo[39m: [00:03:36] Reload for file change: /Users/damithch/Repos/nus-cs2103/cs2103-website-base/book/debugging/fixing/text.md
2026-09-13T16:03:36.354Z - [32minfo[39m: Synchronizing opened pages list before reload
2026-09-13T16:03:36.355Z - [32minfo[39m: Current opened pages, from most-to-least recent:
2026-09-13T16:03:36.355Z - [32minfo[39m: 1. se-book-adapted/chapters/debugging
2026-09-13T16:03:37.363Z - [32minfo[39m: Rebuilding 1 pages
2026-09-13T16:03:37.560Z - [36mverbose[39m: Rendering page: /Users/damithch/Repos/nus-cs2103/cs2103-website-base/se-book-adapted/chapters/debugging.md
2026-09-13T16:03:37.591Z - [32minfo[39m: Site data built
2026-09-13T16:03:37.592Z - [32minfo[39m: Pages rebuilt
2026-09-13T16:03:37.592Z - [32minfo[39m: Website regeneration complete! Total build time: 0.236s
2026-09-13T16:04:40.716Z - [32minfo[39m: [00:04:40] Reload for file change: /Users/damithch/Repos/nus-cs2103/cs2103-website-base/book/debugging/fixing/text.md
2026-09-13T16:04:40.719Z - [32minfo[39m: Synchronizing opened pages list before reload
2026-09-13T16:04:40.720Z - [32minfo[39m: Current opened pages, from most-to-least recent:
2026-09-13T16:04:40.720Z - [32minfo[39m: 1. se-book-adapted/chapters/debugging
2026-09-13T16:04:41.727Z - [32minfo[39m: Rebuilding 1 pages
2026-09-13T16:04:41.911Z - [36mverbose[39m: Rendering page: /Users/damithch/Repos/nus-cs2103/cs2103-website-base/se-book-adapted/chapters/debugging.md
2026-09-13T16:04:41.941Z - [32minfo[39m: Site data built
2026-09-13T16:04:41.941Z - [32minfo[39m: Pages rebuilt
2026-09-13T16:04:41.941Z - [32minfo[39m: Website regeneration complete! Total build time: 0.216s
2026-09-13T16:05:58.699Z - [32minfo[39m: [00:05:58] Reload for file change: /Users/damithch/Repos/nus-cs2103/cs2103-website-base/book/debugging/fixing/text.md
2026-09-13T16:05:58.700Z - [32minfo[39m: Synchronizing opened pages list before reload
2026-09-13T16:05:58.700Z - [32minfo[39m: Current opened pages, from most-to-least recent:
2026-09-13T16:05:58.701Z - [32minfo[39m: 1. se-book-adapted/chapters/debugging
2026-09-13T16:05:59.709Z - [32minfo[39m: Rebuilding 1 pages
2026-09-13T16:05:59.890Z - [36mverbose[39m: Rendering page: /Users/damithch/Repos/nus-cs2103/cs2103-website-base/se-book-adapted/chapters/debugging.md
2026-09-13T16:05:59.924Z - [32minfo[39m: Site data built
2026-09-13T16:05:59.924Z - [32minfo[39m: Pages rebuilt
2026-09-13T16:05:59.924Z - [32minfo[39m: Website regeneration complete! Total build time: 0.22s
2026-09-13T16:06:36.111Z - [32minfo[39m: Website generation started at 00:06:35
2026-09-13T16:06:36.547Z - [33mwarn[39m: ENOENT: no such file or directory, open '/Users/damithch/Repos/nus-cs2103/cs2103-website-base/node_modules/.cache/gh-pages/https!github.com!NUS-CS2103-AY2627-S1!website.git/book/_markbind/variables.md'
2026-09-13T16:06:36.547Z - [33mwarn[39m: ENOENT: no such file or directory, open '/Users/damithch/Repos/nus-cs2103/cs2103-website-base/node_modules/.cache/gh-pages/https!github.com!NUS-CS2103-AY2627-S1!website.git/_markbind/variables.md'
2026-09-13T16:06:36.570Z - [32minfo[39m: Building assets...
