2026-09-19T17:14:32.705Z - [32minfo[39m: Website generation (lazy) started at 01:14:31
2026-09-19T17:14:33.400Z - [33mwarn[39m: ENOENT: no such file or directory, open '/Users/damithch/Repos/nus-cs2103/cs2103-website-base/node_modules/.cache/gh-pages/https!github.com!NUS-CS2103-AY2627-S1!website.git/book/_markbind/variables.md'
2026-09-19T17:14:33.400Z - [33mwarn[39m: ENOENT: no such file or directory, open '/Users/damithch/Repos/nus-cs2103/cs2103-website-base/node_modules/.cache/gh-pages/https!github.com!NUS-CS2103-AY2627-S1!website.git/_markbind/variables.md'
2026-09-19T17:14:33.424Z - [32minfo[39m: Building assets...
2026-09-19T17:14:34.775Z - [32minfo[39m: Assets built
2026-09-19T17:14:34.776Z - [32minfo[39m: Generating landing page...
2026-09-19T17:14:35.364Z - [36mverbose[39m: Rendering page: /Users/damithch/Repos/nus-cs2103/cs2103-website-base/index.md
2026-09-19T17:14:35.526Z - [32minfo[39m: Landing page built, other pages will be built as you navigate to them!
2026-09-19T17:14:35.628Z - [32minfo[39m: Site data built
2026-09-19T17:14:35.628Z - [32minfo[39m: Website generation (lazy) complete! Total build time: 3.689s
2026-09-19T17:14:35.642Z - [32minfo[39m: Serving "/Users/damithch/Repos/nus-cs2103/cs2103-website-base/_site" at http://127.0.0.1:8080
2026-09-19T17:14:35.642Z - [32minfo[39m: Press CTRL+C to stop ...
2026-09-19T17:16:43.948Z - [32minfo[39m: Website generation (lazy) started at 01:16:43
2026-09-19T17:16:44.345Z - [33mwarn[39m: ENOENT: no such file or directory, open '/Users/damithch/Repos/nus-cs2103/cs2103-website-base/node_modules/.cache/gh-pages/https!github.com!NUS-CS2103-AY2627-S1!website.git/book/_markbind/variables.md'
2026-09-19T17:16:44.345Z - [33mwarn[39m: ENOENT: no such file or directory, open '/Users/damithch/Repos/nus-cs2103/cs2103-website-base/node_modules/.cache/gh-pages/https!github.com!NUS-CS2103-AY2627-S1!website.git/_markbind/variables.md'
2026-09-19T17:16:44.367Z - [32minfo[39m: Building assets...
2026-09-19T17:16:46.240Z - [32minfo[39m: Assets built
2026-09-19T17:16:46.240Z - [32minfo[39m: Generating landing page...
2026-09-19T17:16:47.077Z - [36mverbose[39m: Rendering page: /Users/damithch/Repos/nus-cs2103/cs2103-website-base/index.md
2026-09-19T17:16:47.115Z - [32minfo[39m: Landing page built, other pages will be built as you navigate to them!
2026-09-19T17:16:47.236Z - [32minfo[39m: Site data built
2026-09-19T17:16:47.236Z - [32minfo[39m: Website generation (lazy) complete! Total build time: 3.789s
2026-09-19T17:16:47.257Z - [32minfo[39m: Serving "/Users/damithch/Repos/nus-cs2103/cs2103-website-base/_site" at http://127.0.0.1:8080
2026-09-19T17:16:47.257Z - [32minfo[39m: Press CTRL+C to stop ...
2026-09-19T17:25:39.386Z - [32minfo[39m: Building /Users/damithch/Repos/nus-cs2103/cs2103-website-base/schedule/week7/project as some of its dependencies were changed since the last visit
2026-09-19T17:25:40.848Z - [36mverbose[39m: Rendering page: /Users/damithch/Repos/nus-cs2103/cs2103-website-base/schedule/week7/project.md
2026-09-19T17:25:40.880Z - [32minfo[39m: Site data built
2026-09-19T17:25:40.880Z - [32minfo[39m: Lazy website regeneration complete! Total build time: 1.495s
2026-09-19T17:44:38.959Z - [32minfo[39m: [01:44:38] Reload for file change: /Users/damithch/Repos/nus-cs2103/cs2103-website-base/admin/tp-common-fragments.md
2026-09-19T17:44:38.965Z - [32minfo[39m: Synchronizing opened pages list before reload
2026-09-19T17:44:38.965Z - [32minfo[39m: Current opened pages, from most-to-least recent:
2026-09-19T17:44:38.966Z - [32minfo[39m: 1. schedule/week7/project
2026-09-19T17:44:39.013Z - [32minfo[39m: [01:44:39] Reload for file change: /Users/damithch/Repos/nus-cs2103/cs2103-website-base/admin/tp-tasks-fragment.md
2026-09-19T17:44:39.013Z - [32minfo[39m: Synchronizing opened pages list before reload
2026-09-19T17:44:39.013Z - [32minfo[39m: Current opened pages, from most-to-least recent:
2026-09-19T17:44:39.013Z - [32minfo[39m: 1. schedule/week7/project
2026-09-19T17:44:39.983Z - [32minfo[39m: Rebuilding 1 pages
2026-09-19T17:44:41.322Z - [36mverbose[39m: Rendering page: /Users/damithch/Repos/nus-cs2103/cs2103-website-base/schedule/week7/project.md
2026-09-19T17:44:41.347Z - [32minfo[39m: Site data built
2026-09-19T17:44:41.347Z - [32minfo[39m: Pages rebuilt
2026-09-19T17:44:41.347Z - [32minfo[39m: Website regeneration complete! Total build time: 1.377s
2026-09-19T17:47:28.536Z - [32minfo[39m: [01:47:28] Reload for file change: /Users/damithch/Repos/nus-cs2103/cs2103-website-base/book/debugging/what/text.md
2026-09-19T17:47:28.541Z - [32minfo[39m: Synchronizing opened pages list before reload
2026-09-19T17:47:28.541Z - [32minfo[39m: No pages are currently opened
2026-09-19T17:47:29.554Z - [32minfo[39m: Assets built
2026-09-19T17:50:53.882Z - [32minfo[39m: [01:50:53] Reload for file change: /Users/damithch/Repos/nus-cs2103/cs2103-website-base/admin/tp-tasks-fragment.md
2026-09-19T17:50:53.885Z - [32minfo[39m: Synchronizing opened pages list before reload
2026-09-19T17:50:53.886Z - [32minfo[39m: Current opened pages, from most-to-least recent:
2026-09-19T17:50:53.886Z - [32minfo[39m: 1. schedule/week7/project
2026-09-19T17:50:54.903Z - [32minfo[39m: Rebuilding 1 pages
2026-09-19T17:50:56.202Z - [36mverbose[39m: Rendering page: /Users/damithch/Repos/nus-cs2103/cs2103-website-base/schedule/week7/project.md
2026-09-19T17:50:56.226Z - [32minfo[39m: Site data built
2026-09-19T17:50:56.226Z - [32minfo[39m: Pages rebuilt
2026-09-19T17:50:56.226Z - [32minfo[39m: Website regeneration complete! Total build time: 1.339s
2026-09-19T17:51:33.563Z - [32minfo[39m: [01:51:33] Reload for file change: /Users/damithch/Repos/nus-cs2103/cs2103-website-base/admin/tp-tasks-fragment.md
2026-09-19T17:51:33.565Z - [32minfo[39m: Synchronizing opened pages list before reload
2026-09-19T17:51:33.565Z - [32minfo[39m: Current opened pages, from most-to-least recent:
2026-09-19T17:51:33.565Z - [32minfo[39m: 1. schedule/week7/project
2026-09-19T17:51:34.572Z - [32minfo[39m: Rebuilding 1 pages
2026-09-19T17:51:35.819Z - [36mverbose[39m: Rendering page: /Users/damithch/Repos/nus-cs2103/cs2103-website-base/schedule/week7/project.md
2026-09-19T17:51:35.842Z - [32minfo[39m: Site data built
2026-09-19T17:51:35.842Z - [32minfo[39m: Pages rebuilt
2026-09-19T17:51:35.842Z - [32minfo[39m: Website regeneration complete! Total build time: 1.276s
2026-09-19T17:52:26.397Z - [32minfo[39m: [01:52:26] Reload for file change: /Users/damithch/Repos/nus-cs2103/cs2103-website-base/admin/tp-tasks-fragment.md
2026-09-19T17:52:26.399Z - [32minfo[39m: Synchronizing opened pages list before reload
2026-09-19T17:52:26.399Z - [32minfo[39m: Current opened pages, from most-to-least recent:
2026-09-19T17:52:26.399Z - [32minfo[39m: 1. schedule/week7/project
2026-09-19T17:52:27.405Z - [32minfo[39m: Rebuilding 1 pages
2026-09-19T17:52:28.700Z - [36mverbose[39m: Rendering page: /Users/damithch/Repos/nus-cs2103/cs2103-website-base/schedule/week7/project.md
2026-09-19T17:52:28.724Z - [32minfo[39m: Site data built
2026-09-19T17:52:28.724Z - [32minfo[39m: Pages rebuilt
2026-09-19T17:52:28.724Z - [32minfo[39m: Website regeneration complete! Total build time: 1.324s
2026-09-19T17:52:34.356Z - [32minfo[39m: [01:52:34] Reload for file change: /Users/damithch/Repos/nus-cs2103/cs2103-website-base/admin/tp-tasks-fragment.md
2026-09-19T17:52:34.359Z - [32minfo[39m: Synchronizing opened pages list before reload
2026-09-19T17:52:34.359Z - [32minfo[39m: Current opened pages, from most-to-least recent:
2026-09-19T17:52:34.360Z - [32minfo[39m: 1. schedule/week7/project
2026-09-19T17:52:35.361Z - [32minfo[39m: Rebuilding 1 pages
2026-09-19T17:52:36.531Z - [36mverbose[39m: Rendering page: /Users/damithch/Repos/nus-cs2103/cs2103-website-base/schedule/week7/project.md
2026-09-19T17:52:36.560Z - [32minfo[39m: Site data built
2026-09-19T17:52:36.560Z - [32minfo[39m: Pages rebuilt
2026-09-19T17:52:36.560Z - [32minfo[39m: Website regeneration complete! Total build time: 1.2s
2026-09-19T17:55:55.354Z - [32minfo[39m: [01:55:55] Reload for file change: /Users/damithch/Repos/nus-cs2103/cs2103-website-base/admin/tp-tasks-fragment.md
2026-09-19T17:55:55.356Z - [32minfo[39m: Synchronizing opened pages list before reload
2026-09-19T17:55:55.356Z - [32minfo[39m: Current opened pages, from most-to-least recent:
2026-09-19T17:55:55.357Z - [32minfo[39m: 1. schedule/week7/project
2026-09-19T17:55:56.360Z - [32minfo[39m: Rebuilding 1 pages
2026-09-19T17:55:57.703Z - [36mverbose[39m: Rendering page: /Users/damithch/Repos/nus-cs2103/cs2103-website-base/schedule/week7/project.md
2026-09-19T17:55:57.726Z - [32minfo[39m: Site data built
2026-09-19T17:55:57.726Z - [32minfo[39m: Pages rebuilt
2026-09-19T17:55:57.726Z - [32minfo[39m: Website regeneration complete! Total build time: 1.368s
2026-09-19T17:56:24.682Z - [32minfo[39m: [01:56:24] Reload for file change: /Users/damithch/Repos/nus-cs2103/cs2103-website-base/admin/tp-tasks-fragment.md
2026-09-19T17:56:24.686Z - [32minfo[39m: Synchronizing opened pages list before reload
2026-09-19T17:56:24.687Z - [32minfo[39m: Current opened pages, from most-to-least recent:
2026-09-19T17:56:24.688Z - [32minfo[39m: 1. schedule/week7/project
2026-09-19T17:56:25.696Z - [32minfo[39m: Rebuilding 1 pages
2026-09-19T17:56:26.985Z - [36mverbose[39m: Rendering page: /Users/damithch/Repos/nus-cs2103/cs2103-website-base/schedule/week7/project.md
2026-09-19T17:56:27.008Z - [32minfo[39m: Site data built
2026-09-19T17:56:27.009Z - [32minfo[39m: Pages rebuilt
2026-09-19T17:56:27.009Z - [32minfo[39m: Website regeneration complete! Total build time: 1.317s
2026-09-19T17:57:58.194Z - [32minfo[39m: [01:57:58] Reload for file change: /Users/damithch/Repos/nus-cs2103/cs2103-website-base/admin/tp-tasks-fragment.md
2026-09-19T17:57:58.199Z - [32minfo[39m: Synchronizing opened pages list before reload
2026-09-19T17:57:58.201Z - [32minfo[39m: Current opened pages, from most-to-least recent:
2026-09-19T17:57:58.201Z - [32minfo[39m: 1. schedule/week7/project
2026-09-19T17:57:59.207Z - [32minfo[39m: Rebuilding 1 pages
2026-09-19T17:58:00.517Z - [36mverbose[39m: Rendering page: /Users/damithch/Repos/nus-cs2103/cs2103-website-base/schedule/week7/project.md
2026-09-19T17:58:00.542Z - [32minfo[39m: Site data built
2026-09-19T17:58:00.542Z - [32minfo[39m: Pages rebuilt
2026-09-19T17:58:00.542Z - [32minfo[39m: Website regeneration complete! Total build time: 1.337s
2026-09-19T17:59:07.398Z - [32minfo[39m: [01:59:07] Reload for file change: /Users/damithch/Repos/nus-cs2103/cs2103-website-base/admin/tp-tasks-fragment.md
2026-09-19T17:59:07.406Z - [32minfo[39m: Synchronizing opened pages list before reload
2026-09-19T17:59:07.409Z - [32minfo[39m: Current opened pages, from most-to-least recent:
2026-09-19T17:59:07.410Z - [32minfo[39m: 1. schedule/week7/project
2026-09-19T17:59:08.432Z - [32minfo[39m: Rebuilding 1 pages
2026-09-19T17:59:09.780Z - [36mverbose[39m: Rendering page: /Users/damithch/Repos/nus-cs2103/cs2103-website-base/schedule/week7/project.md
2026-09-19T17:59:09.805Z - [32minfo[39m: Site data built
2026-09-19T17:59:09.805Z - [32minfo[39m: Pages rebuilt
2026-09-19T17:59:09.805Z - [32minfo[39m: Website regeneration complete! Total build time: 1.386s
2026-09-19T18:00:50.915Z - [32minfo[39m: [02:00:50] Reload for file change: /Users/damithch/Repos/nus-cs2103/cs2103-website-base/admin/tp-tasks-fragment.md
2026-09-19T18:00:50.918Z - [32minfo[39m: Synchronizing opened pages list before reload
2026-09-19T18:00:50.919Z - [32minfo[39m: Current opened pages, from most-to-least recent:
2026-09-19T18:00:50.919Z - [32minfo[39m: 1. schedule/week7/project
2026-09-19T18:00:51.926Z - [32minfo[39m: Rebuilding 1 pages
2026-09-19T18:00:53.223Z - [36mverbose[39m: Rendering page: /Users/damithch/Repos/nus-cs2103/cs2103-website-base/schedule/week7/project.md
2026-09-19T18:00:53.271Z - [32minfo[39m: Site data built
2026-09-19T18:00:53.271Z - [32minfo[39m: Pages rebuilt
2026-09-19T18:00:53.271Z - [32minfo[39m: Website regeneration complete! Total build time: 1.348s
2026-09-19T18:01:24.906Z - [32minfo[39m: [02:01:24] Reload for file change: /Users/damithch/Repos/nus-cs2103/cs2103-website-base/admin/tp-tasks-fragment.md
2026-09-19T18:01:24.914Z - [32minfo[39m: Synchronizing opened pages list before reload
2026-09-19T18:01:24.916Z - [32minfo[39m: Current opened pages, from most-to-least recent:
2026-09-19T18:01:24.917Z - [32minfo[39m: 1. schedule/week7/project
2026-09-19T18:01:25.920Z - [32minfo[39m: Rebuilding 1 pages
2026-09-19T18:01:27.192Z - [36mverbose[39m: Rendering page: /Users/damithch/Repos/nus-cs2103/cs2103-website-base/schedule/week7/project.md
2026-09-19T18:01:27.220Z - [32minfo[39m: Site data built
2026-09-19T18:01:27.220Z - [32minfo[39m: Pages rebuilt
2026-09-19T18:01:27.220Z - [32minfo[39m: Website regeneration complete! Total build time: 1.302s
2026-09-19T18:02:03.886Z - [32minfo[39m: [02:02:03] Reload for file change: /Users/damithch/Repos/nus-cs2103/cs2103-website-base/admin/tp-tasks-fragment.md
2026-09-19T18:02:03.896Z - [32minfo[39m: Synchronizing opened pages list before reload
2026-09-19T18:02:03.897Z - [32minfo[39m: Current opened pages, from most-to-least recent:
2026-09-19T18:02:03.898Z - [32minfo[39m: 1. schedule/week7/project
2026-09-19T18:02:04.902Z - [32minfo[39m: Rebuilding 1 pages
2026-09-19T18:02:06.163Z - [36mverbose[39m: Rendering page: /Users/damithch/Repos/nus-cs2103/cs2103-website-base/schedule/week7/project.md
2026-09-19T18:02:06.196Z - [32minfo[39m: Site data built
2026-09-19T18:02:06.196Z - [32minfo[39m: Pages rebuilt
2026-09-19T18:02:06.196Z - [32minfo[39m: Website regeneration complete! Total build time: 1.296s
2026-09-19T18:03:07.696Z - [32minfo[39m: [02:03:07] Reload for file change: /Users/damithch/Repos/nus-cs2103/cs2103-website-base/admin/tp-tasks-fragment.md
2026-09-19T18:03:07.698Z - [32minfo[39m: Synchronizing opened pages list before reload
2026-09-19T18:03:07.698Z - [32minfo[39m: Current opened pages, from most-to-least recent:
2026-09-19T18:03:07.704Z - [32minfo[39m: 1. schedule/week7/project
2026-09-19T18:03:08.708Z - [32minfo[39m: Rebuilding 1 pages
2026-09-19T18:03:10.003Z - [36mverbose[39m: Rendering page: /Users/damithch/Repos/nus-cs2103/cs2103-website-base/schedule/week7/project.md
2026-09-19T18:03:10.026Z - [32minfo[39m: Site data built
2026-09-19T18:03:10.026Z - [32minfo[39m: Pages rebuilt
2026-09-19T18:03:10.026Z - [32minfo[39m: Website regeneration complete! Total build time: 1.32s
2026-09-19T18:05:12.903Z - [32minfo[39m: [02:05:12] Reload for file change: /Users/damithch/Repos/nus-cs2103/cs2103-website-base/admin/tp-tasks-fragment.md
2026-09-19T18:05:12.904Z - [32minfo[39m: Synchronizing opened pages list before reload
2026-09-19T18:05:12.907Z - [32minfo[39m: Current opened pages, from most-to-least recent:
2026-09-19T18:05:12.908Z - [32minfo[39m: 1. schedule/week7/project
2026-09-19T18:05:13.914Z - [32minfo[39m: Rebuilding 1 pages
2026-09-19T18:05:15.244Z - [36mverbose[39m: Rendering page: /Users/damithch/Repos/nus-cs2103/cs2103-website-base/schedule/week7/project.md
2026-09-19T18:05:15.267Z - [32minfo[39m: Site data built
2026-09-19T18:05:15.267Z - [32minfo[39m: Pages rebuilt
2026-09-19T18:05:15.267Z - [32minfo[39m: Website regeneration complete! Total build time: 1.356s
2026-09-19T18:06:18.030Z - [32minfo[39m: [02:06:18] Reload for file change: /Users/damithch/Repos/nus-cs2103/cs2103-website-base/admin/tp-tasks-fragment.md
2026-09-19T18:06:18.034Z - [32minfo[39m: Synchronizing opened pages list before reload
2026-09-19T18:06:18.035Z - [32minfo[39m: Current opened pages, from most-to-least recent:
2026-09-19T18:06:18.035Z - [32minfo[39m: 1. schedule/week7/project
2026-09-19T18:06:19.038Z - [32minfo[39m: Rebuilding 1 pages
2026-09-19T18:06:20.325Z - [36mverbose[39m: Rendering page: /Users/damithch/Repos/nus-cs2103/cs2103-website-base/schedule/week7/project.md
2026-09-19T18:06:20.348Z - [32minfo[39m: Site data built
2026-09-19T18:06:20.348Z - [32minfo[39m: Pages rebuilt
2026-09-19T18:06:20.348Z - [32minfo[39m: Website regeneration complete! Total build time: 1.312s
2026-09-19T18:08:27.271Z - [32minfo[39m: Website generation started at 02:08:26
2026-09-19T18:08:27.782Z - [33mwarn[39m: ENOENT: no such file or directory, open '/Users/damithch/Repos/nus-cs2103/cs2103-website-base/node_modules/.cache/gh-pages/https!github.com!NUS-CS2103-AY2627-S1!website.git/book/_markbind/variables.md'
2026-09-19T18:08:27.782Z - [33mwarn[39m: ENOENT: no such file or directory, open '/Users/damithch/Repos/nus-cs2103/cs2103-website-base/node_modules/.cache/gh-pages/https!github.com!NUS-CS2103-AY2627-S1!website.git/_markbind/variables.md'
2026-09-19T18:08:27.815Z - [32minfo[39m: Building assets...
