2026-10-08T17:03:17.630Z - [32minfo[39m: [01:03:17] Reload for file change: /Users/damithch/Repos/nus-cs2103/cs2103-website-base/admin/tp-pe-fragment.md
2026-10-08T17:03:17.713Z - [32minfo[39m: Synchronizing opened pages list before reload
2026-10-08T17:03:17.719Z - [32minfo[39m: Current opened pages, from most-to-least recent:
2026-10-08T17:03:17.720Z - [32minfo[39m: 1. admin/tp-pe
2026-10-08T17:03:18.786Z - [32minfo[39m: Rebuilding 1 pages
2026-10-08T17:03:19.992Z - [36mverbose[39m: Rendering page: /Users/damithch/Repos/nus-cs2103/cs2103-website-base/admin/tp-pe.md
2026-10-08T17:03:20.047Z - [32minfo[39m: Site data built
2026-10-08T17:03:20.047Z - [32minfo[39m: Pages rebuilt
2026-10-08T17:03:20.047Z - [32minfo[39m: Website regeneration complete! Total build time: 1.304s
2026-10-08T17:03:27.621Z - [32minfo[39m: [01:03:27] Reload for file change: /Users/damithch/Repos/nus-cs2103/cs2103-website-base/admin/tp-pe-fragment.md
2026-10-08T17:03:27.624Z - [32minfo[39m: Synchronizing opened pages list before reload
2026-10-08T17:03:27.624Z - [32minfo[39m: Current opened pages, from most-to-least recent:
2026-10-08T17:03:27.625Z - [32minfo[39m: 1. admin/tp-pe
2026-10-08T17:03:28.632Z - [32minfo[39m: Rebuilding 1 pages
2026-10-08T17:03:29.647Z - [36mverbose[39m: Rendering page: /Users/damithch/Repos/nus-cs2103/cs2103-website-base/admin/tp-pe.md
2026-10-08T17:03:29.687Z - [32minfo[39m: Site data built
2026-10-08T17:03:29.687Z - [32minfo[39m: Pages rebuilt
2026-10-08T17:03:29.687Z - [32minfo[39m: Website regeneration complete! Total build time: 1.061s
2026-10-08T17:05:14.644Z - [32minfo[39m: [01:05:14] Reload for file change: /Users/damithch/Repos/nus-cs2103/cs2103-website-base/admin/tp-pe-fragment.md
2026-10-08T17:05:14.648Z - [32minfo[39m: Synchronizing opened pages list before reload
2026-10-08T17:05:14.649Z - [32minfo[39m: Current opened pages, from most-to-least recent:
2026-10-08T17:05:14.649Z - [32minfo[39m: 1. admin/tp-pe
2026-10-08T17:05:15.655Z - [32minfo[39m: Rebuilding 1 pages
2026-10-08T17:05:16.698Z - [36mverbose[39m: Rendering page: /Users/damithch/Repos/nus-cs2103/cs2103-website-base/admin/tp-pe.md
2026-10-08T17:05:16.747Z - [32minfo[39m: Site data built
2026-10-08T17:05:16.747Z - [32minfo[39m: Pages rebuilt
2026-10-08T17:05:16.747Z - [32minfo[39m: Website regeneration complete! Total build time: 1.096s
2026-10-08T17:05:40.802Z - [32minfo[39m: [01:05:40] Reload for file change: /Users/damithch/Repos/nus-cs2103/cs2103-website-base/admin/tp-pe-fragment.md
2026-10-08T17:05:40.806Z - [32minfo[39m: Synchronizing opened pages list before reload
2026-10-08T17:05:40.806Z - [32minfo[39m: Current opened pages, from most-to-least recent:
2026-10-08T17:05:40.806Z - [32minfo[39m: 1. admin/tp-pe
2026-10-08T17:05:41.811Z - [32minfo[39m: Rebuilding 1 pages
2026-10-08T17:05:42.850Z - [36mverbose[39m: Rendering page: /Users/damithch/Repos/nus-cs2103/cs2103-website-base/admin/tp-pe.md
2026-10-08T17:05:42.907Z - [32minfo[39m: Site data built
2026-10-08T17:05:42.907Z - [32minfo[39m: Pages rebuilt
2026-10-08T17:05:42.907Z - [32minfo[39m: Website regeneration complete! Total build time: 1.1s
2026-10-08T17:06:44.754Z - [32minfo[39m: [01:06:44] Reload for file change: /Users/damithch/Repos/nus-cs2103/cs2103-website-base/admin/tp-pe-fragment.md
2026-10-08T17:06:44.759Z - [32minfo[39m: Synchronizing opened pages list before reload
2026-10-08T17:06:44.764Z - [32minfo[39m: Current opened pages, from most-to-least recent:
2026-10-08T17:06:44.767Z - [32minfo[39m: 1. admin/tp-pe
2026-10-08T17:06:45.797Z - [32minfo[39m: Rebuilding 1 pages
2026-10-08T17:06:46.961Z - [36mverbose[39m: Rendering page: /Users/damithch/Repos/nus-cs2103/cs2103-website-base/admin/tp-pe.md
2026-10-08T17:06:47.005Z - [32minfo[39m: Site data built
2026-10-08T17:06:47.005Z - [32minfo[39m: Pages rebuilt
2026-10-08T17:06:47.005Z - [32minfo[39m: Website regeneration complete! Total build time: 1.213s
2026-10-08T17:07:21.789Z - [32minfo[39m: [01:07:21] Reload for file change: /Users/damithch/Repos/nus-cs2103/cs2103-website-base/admin/tp-pe-fragment.md
2026-10-08T17:07:21.793Z - [32minfo[39m: Synchronizing opened pages list before reload
2026-10-08T17:07:21.794Z - [32minfo[39m: Current opened pages, from most-to-least recent:
2026-10-08T17:07:21.794Z - [32minfo[39m: 1. admin/tp-pe
2026-10-08T17:07:22.801Z - [32minfo[39m: Rebuilding 1 pages
2026-10-08T17:07:23.809Z - [36mverbose[39m: Rendering page: /Users/damithch/Repos/nus-cs2103/cs2103-website-base/admin/tp-pe.md
2026-10-08T17:07:23.853Z - [32minfo[39m: Site data built
2026-10-08T17:07:23.854Z - [32minfo[39m: Pages rebuilt
2026-10-08T17:07:23.854Z - [32minfo[39m: Website regeneration complete! Total build time: 1.059s
2026-10-08T17:10:27.373Z - [32minfo[39m: [01:10:27] Reload for file change: /Users/damithch/Repos/nus-cs2103/cs2103-website-base/admin/tp-pe-fragment.md
2026-10-08T17:10:27.384Z - [32minfo[39m: Synchronizing opened pages list before reload
2026-10-08T17:10:27.388Z - [32minfo[39m: Current opened pages, from most-to-least recent:
2026-10-08T17:10:27.388Z - [32minfo[39m: 1. admin/tp-pe
2026-10-08T17:10:28.405Z - [32minfo[39m: Rebuilding 1 pages
2026-10-08T17:10:29.540Z - [36mverbose[39m: Rendering page: /Users/damithch/Repos/nus-cs2103/cs2103-website-base/admin/tp-pe.md
2026-10-08T17:10:29.586Z - [32minfo[39m: Site data built
2026-10-08T17:10:29.586Z - [32minfo[39m: Pages rebuilt
2026-10-08T17:10:29.587Z - [32minfo[39m: Website regeneration complete! Total build time: 1.187s
2026-10-08T17:12:41.814Z - [32minfo[39m: [01:12:41] Reload for file change: /Users/damithch/Repos/nus-cs2103/cs2103-website-base/admin/tp-pe-fragment.md
2026-10-08T17:12:41.817Z - [32minfo[39m: Synchronizing opened pages list before reload
2026-10-08T17:12:41.817Z - [32minfo[39m: Current opened pages, from most-to-least recent:
2026-10-08T17:12:41.818Z - [32minfo[39m: 1. admin/tp-pe
2026-10-08T17:12:42.835Z - [32minfo[39m: Rebuilding 1 pages
2026-10-08T17:12:43.863Z - [36mverbose[39m: Rendering page: /Users/damithch/Repos/nus-cs2103/cs2103-website-base/admin/tp-pe.md
2026-10-08T17:12:43.907Z - [32minfo[39m: Site data built
2026-10-08T17:12:43.907Z - [32minfo[39m: Pages rebuilt
2026-10-08T17:12:43.907Z - [32minfo[39m: Website regeneration complete! Total build time: 1.087s
2026-10-08T17:17:56.320Z - [32minfo[39m: [01:17:56] Reload for file change: /Users/damithch/Repos/nus-cs2103/cs2103-website-base/admin/tp-pe-fragment.md
2026-10-08T17:17:56.325Z - [32minfo[39m: Synchronizing opened pages list before reload
2026-10-08T17:17:56.326Z - [32minfo[39m: Current opened pages, from most-to-least recent:
2026-10-08T17:17:56.326Z - [32minfo[39m: 1. admin/tp-pe
2026-10-08T17:17:57.345Z - [32minfo[39m: Rebuilding 1 pages
2026-10-08T17:17:58.392Z - [36mverbose[39m: Rendering page: /Users/damithch/Repos/nus-cs2103/cs2103-website-base/admin/tp-pe.md
2026-10-08T17:17:58.443Z - [32minfo[39m: Site data built
2026-10-08T17:17:58.443Z - [32minfo[39m: Pages rebuilt
2026-10-08T17:17:58.443Z - [32minfo[39m: Website regeneration complete! Total build time: 1.113s
2026-10-08T17:19:46.019Z - [32minfo[39m: [01:19:46] Reload for file change: /Users/damithch/Repos/nus-cs2103/cs2103-website-base/admin/tp-pe-fragment.md
2026-10-08T17:19:46.024Z - [32minfo[39m: Synchronizing opened pages list before reload
2026-10-08T17:19:46.024Z - [32minfo[39m: Current opened pages, from most-to-least recent:
2026-10-08T17:19:46.024Z - [32minfo[39m: 1. admin/tp-pe
2026-10-08T17:19:47.028Z - [32minfo[39m: Rebuilding 1 pages
2026-10-08T17:19:48.232Z - [36mverbose[39m: Rendering page: /Users/damithch/Repos/nus-cs2103/cs2103-website-base/admin/tp-pe.md
2026-10-08T17:19:48.293Z - [32minfo[39m: Site data built
2026-10-08T17:19:48.293Z - [32minfo[39m: Pages rebuilt
2026-10-08T17:19:48.293Z - [32minfo[39m: Website regeneration complete! Total build time: 1.267s
2026-10-08T17:29:29.487Z - [32minfo[39m: [01:29:29] Reload for file change: /Users/damithch/Repos/nus-cs2103/cs2103-website-base/admin/tp-pe-bug-triaging-guidelines-fragment.md
2026-10-08T17:29:29.494Z - [32minfo[39m: Synchronizing opened pages list before reload
2026-10-08T17:29:29.494Z - [32minfo[39m: Current opened pages, from most-to-least recent:
2026-10-08T17:29:29.495Z - [32minfo[39m: 1. admin/tp-pe
2026-10-08T17:29:30.526Z - [32minfo[39m: Rebuilding 1 pages
2026-10-08T17:29:31.729Z - [36mverbose[39m: Rendering page: /Users/damithch/Repos/nus-cs2103/cs2103-website-base/admin/tp-pe.md
2026-10-08T17:29:31.803Z - [32minfo[39m: Site data built
2026-10-08T17:29:31.803Z - [32minfo[39m: Pages rebuilt
2026-10-08T17:29:31.803Z - [32minfo[39m: Website regeneration complete! Total build time: 1.302s
2026-10-08T17:30:37.908Z - [32minfo[39m: [01:30:37] Reload for file change: /Users/damithch/Repos/nus-cs2103/cs2103-website-base/admin/tp-pe-bug-triaging-guidelines-fragment.md
2026-10-08T17:30:37.940Z - [32minfo[39m: Synchronizing opened pages list before reload
2026-10-08T17:30:37.946Z - [32minfo[39m: Current opened pages, from most-to-least recent:
2026-10-08T17:30:37.947Z - [32minfo[39m: 1. admin/tp-pe
2026-10-08T17:30:39.041Z - [32minfo[39m: Rebuilding 1 pages
2026-10-08T17:30:40.219Z - [36mverbose[39m: Rendering page: /Users/damithch/Repos/nus-cs2103/cs2103-website-base/admin/tp-pe.md
2026-10-08T17:30:40.268Z - [32minfo[39m: Site data built
2026-10-08T17:30:40.268Z - [32minfo[39m: Pages rebuilt
2026-10-08T17:30:40.268Z - [32minfo[39m: Website regeneration complete! Total build time: 1.298s
2026-10-08T17:32:19.109Z - [32minfo[39m: [01:32:19] Reload for file change: /Users/damithch/Repos/nus-cs2103/cs2103-website-base/admin/tp-pe-bug-triaging-guidelines-fragment.md
2026-10-08T17:32:19.111Z - [32minfo[39m: Synchronizing opened pages list before reload
2026-10-08T17:32:19.111Z - [32minfo[39m: Current opened pages, from most-to-least recent:
2026-10-08T17:32:19.112Z - [32minfo[39m: 1. admin/tp-pe
2026-10-08T17:32:20.134Z - [32minfo[39m: Rebuilding 1 pages
2026-10-08T17:32:21.233Z - [36mverbose[39m: Rendering page: /Users/damithch/Repos/nus-cs2103/cs2103-website-base/admin/tp-pe.md
2026-10-08T17:32:21.292Z - [32minfo[39m: Site data built
2026-10-08T17:32:21.292Z - [32minfo[39m: Pages rebuilt
2026-10-08T17:32:21.292Z - [32minfo[39m: Website regeneration complete! Total build time: 1.178s
2026-10-08T17:33:38.646Z - [32minfo[39m: [01:33:38] Reload for file change: /Users/damithch/Repos/nus-cs2103/cs2103-website-base/admin/tp-pe-bug-triaging-guidelines-fragment.md
2026-10-08T17:33:38.648Z - [32minfo[39m: Synchronizing opened pages list before reload
2026-10-08T17:33:38.649Z - [32minfo[39m: Current opened pages, from most-to-least recent:
2026-10-08T17:33:38.649Z - [32minfo[39m: 1. admin/tp-pe
2026-10-08T17:33:39.669Z - [32minfo[39m: Rebuilding 1 pages
2026-10-08T17:33:40.743Z - [36mverbose[39m: Rendering page: /Users/damithch/Repos/nus-cs2103/cs2103-website-base/admin/tp-pe.md
2026-10-08T17:33:40.789Z - [32minfo[39m: Site data built
2026-10-08T17:33:40.789Z - [32minfo[39m: Pages rebuilt
2026-10-08T17:33:40.789Z - [32minfo[39m: Website regeneration complete! Total build time: 1.137s
2026-10-08T17:34:51.049Z - [32minfo[39m: [01:34:51] Reload for file change: /Users/damithch/Repos/nus-cs2103/cs2103-website-base/admin/tp-pe-bug-triaging-guidelines-fragment.md
2026-10-08T17:34:51.053Z - [32minfo[39m: Synchronizing opened pages list before reload
2026-10-08T17:34:51.053Z - [32minfo[39m: Current opened pages, from most-to-least recent:
2026-10-08T17:34:51.053Z - [32minfo[39m: 1. admin/tp-pe
2026-10-08T17:34:52.077Z - [32minfo[39m: Rebuilding 1 pages
2026-10-08T17:34:53.113Z - [36mverbose[39m: Rendering page: /Users/damithch/Repos/nus-cs2103/cs2103-website-base/admin/tp-pe.md
2026-10-08T17:34:53.155Z - [32minfo[39m: Site data built
2026-10-08T17:34:53.155Z - [32minfo[39m: Pages rebuilt
2026-10-08T17:34:53.155Z - [32minfo[39m: Website regeneration complete! Total build time: 1.099s
2026-10-08T17:58:27.540Z - [32minfo[39m: [01:58:27] Reload for file change: /Users/damithch/Repos/nus-cs2103/cs2103-website-base/admin/tp-pe-bug-triaging-guidelines-fragment.md
2026-10-08T17:58:27.548Z - [32minfo[39m: Synchronizing opened pages list before reload
2026-10-08T17:58:27.548Z - [32minfo[39m: Current opened pages, from most-to-least recent:
2026-10-08T17:58:27.548Z - [32minfo[39m: 1. admin/tp-pe
2026-10-08T17:58:28.570Z - [32minfo[39m: Rebuilding 1 pages
2026-10-08T17:58:29.632Z - [36mverbose[39m: Rendering page: /Users/damithch/Repos/nus-cs2103/cs2103-website-base/admin/tp-pe.md
2026-10-08T17:58:29.684Z - [32minfo[39m: Site data built
2026-10-08T17:58:29.684Z - [32minfo[39m: Pages rebuilt
2026-10-08T17:58:29.684Z - [32minfo[39m: Website regeneration complete! Total build time: 1.132s
2026-10-08T18:00:56.640Z - [32minfo[39m: [02:00:56] Reload for file change: /Users/damithch/Repos/nus-cs2103/cs2103-website-base/admin/tp-pe-bug-triaging-guidelines-fragment.md
2026-10-08T18:00:56.642Z - [32minfo[39m: Synchronizing opened pages list before reload
2026-10-08T18:00:56.643Z - [32minfo[39m: Current opened pages, from most-to-least recent:
2026-10-08T18:00:56.644Z - [32minfo[39m: 1. admin/tp-pe
2026-10-08T18:00:57.664Z - [32minfo[39m: Rebuilding 1 pages
2026-10-08T18:00:58.682Z - [36mverbose[39m: Rendering page: /Users/damithch/Repos/nus-cs2103/cs2103-website-base/admin/tp-pe.md
2026-10-08T18:00:58.734Z - [32minfo[39m: Site data built
2026-10-08T18:00:58.734Z - [32minfo[39m: Pages rebuilt
2026-10-08T18:00:58.734Z - [32minfo[39m: Website regeneration complete! Total build time: 1.087s
2026-10-08T18:02:50.558Z - [32minfo[39m: Website generation started at 02:02:50
2026-10-08T18:02:50.929Z - [32minfo[39m: Building assets...
