2026-10-05T08:53:18.747Z - [32minfo[39m: Website generation (lazy) started at 16:53:18
2026-10-05T08:53:19.153Z - [32minfo[39m: Building assets...
2026-10-05T08:53:19.456Z - [32minfo[39m: Assets built
2026-10-05T08:53:19.456Z - [32minfo[39m: Generating landing page...
2026-10-05T08:53:19.924Z - [36mverbose[39m: Rendering page: /Users/damithch/Repos/nus-cs2103/cs2103-website-base/index.md
2026-10-05T08:53:19.944Z - [32minfo[39m: Landing page built, other pages will be built as you navigate to them!
2026-10-05T08:53:20.053Z - [32minfo[39m: Site data built
2026-10-05T08:53:20.053Z - [32minfo[39m: Website generation (lazy) complete! Total build time: 1.67s
2026-10-05T08:53:20.080Z - [32minfo[39m: Serving "/Users/damithch/Repos/nus-cs2103/cs2103-website-base/_site" at http://127.0.0.1:8080
2026-10-05T08:53:20.080Z - [32minfo[39m: Press CTRL+C to stop ...
2026-10-05T08:53:29.446Z - [32minfo[39m: Building /Users/damithch/Repos/nus-cs2103/cs2103-website-base/schedule/week9/index as some of its dependencies were changed since the last visit
2026-10-05T08:53:29.778Z - [36mverbose[39m: Rendering page: /Users/damithch/Repos/nus-cs2103/cs2103-website-base/schedule/week9/index.md
2026-10-05T08:53:29.789Z - [32minfo[39m: Site data built
2026-10-05T08:53:29.789Z - [32minfo[39m: Lazy website regeneration complete! Total build time: 0.345s
2026-10-05T08:53:33.812Z - [32minfo[39m: Building /Users/damithch/Repos/nus-cs2103/cs2103-website-base/schedule/week9/project as some of its dependencies were changed since the last visit
2026-10-05T08:53:34.704Z - [36mverbose[39m: Rendering page: /Users/damithch/Repos/nus-cs2103/cs2103-website-base/schedule/week9/project.md
2026-10-05T08:53:34.722Z - [32minfo[39m: Site data built
2026-10-05T08:53:34.722Z - [32minfo[39m: Lazy website regeneration complete! Total build time: 0.91s
2026-10-05T08:53:40.960Z - [32minfo[39m: Building /Users/damithch/Repos/nus-cs2103/cs2103-website-base/schedule/week9/topics as some of its dependencies were changed since the last visit
2026-10-05T08:53:43.736Z - [34mdebug[39m: 
2026-10-05T08:53:43.771Z - [34mdebug[39m: 
2026-10-05T08:53:43.819Z - [36mverbose[39m: Rendering page: /Users/damithch/Repos/nus-cs2103/cs2103-website-base/schedule/week9/topics.md
2026-10-05T08:53:43.883Z - [32minfo[39m: Site data built
2026-10-05T08:53:43.883Z - [32minfo[39m: Lazy website regeneration complete! Total build time: 2.924s
2026-10-05T08:55:55.820Z - [32minfo[39m: [16:55:55] Reload for file change: /Users/damithch/Repos/nus-cs2103/cs2103-website-base/book/modeling/modelingASolution/basic/text.md
2026-10-05T08:55:55.821Z - [32minfo[39m: Synchronizing opened pages list before reload
2026-10-05T08:55:55.821Z - [32minfo[39m: Current opened pages, from most-to-least recent:
2026-10-05T08:55:55.821Z - [32minfo[39m: 1. schedule/week9/topics
2026-10-05T08:55:56.837Z - [32minfo[39m: Rebuilding 1 pages
2026-10-05T08:55:56.992Z - [31merror[39m: Template render error: (/Users/damithch/Repos/nus-cs2103/cs2103-website-base/book/modeling/modelingASolution/basic/text.md)
  Template render error: (/Users/damithch/Repos/nus-cs2103/cs2103-website-base/book/modeling/modelingASolution/basic/text.md)
  Error: template not found: common/topics.njk
    at Object._prettifyError (/opt/homebrew/lib/node_modules/markbind-cli/node_modules/nunjucks/src/lib.js:32:11)
    at file:///opt/homebrew/lib/node_modules/markbind-cli/node_modules/@markbind/core/src/patches/nunjucks/context-overrides-frame.js:336:23
    at Template.root [as rootRenderFunc] (eval at _compile (/opt/homebrew/lib/node_modules/markbind-cli/node_modules/nunjucks/src/environment.js:527:18), <anonymous>:57:3)
    at Template.render (file:///opt/homebrew/lib/node_modules/markbind-cli/node_modules/@markbind/core/src/patches/nunjucks/context-overrides-frame.js:326:10)
    at file:///opt/homebrew/lib/node_modules/markbind-cli/node_modules/@markbind/core/src/patches/nunjucks/context-overrides-frame.js:55:31
    at createTemplate (file:///opt/homebrew/lib/node_modules/markbind-cli/node_modules/@markbind/core/src/patches/nunjucks/load-event.js:110:13)
    at handle (file:///opt/homebrew/lib/node_modules/markbind-cli/node_modules/@markbind/core/src/patches/nunjucks/load-event.js:123:17)
    at file:///opt/homebrew/lib/node_modules/markbind-cli/node_modules/@markbind/core/src/patches/nunjucks/load-event.js:134:13
    at next (/opt/homebrew/lib/node_modules/markbind-cli/node_modules/nunjucks/src/lib.js:258:7)
    at Object.asyncIter (/opt/homebrew/lib/node_modules/markbind-cli/node_modules/nunjucks/src/lib.js:263:3)
2026-10-05T08:55:57.111Z - [31merror[39m: Template render error: (/Users/damithch/Repos/nus-cs2103/cs2103-website-base/book/modeling/modelingASolution/basic/text.md)
  Template render error: (/Users/damithch/Repos/nus-cs2103/cs2103-website-base/book/modeling/modelingASolution/basic/text.md)
  Error: template not found: common/topics.njk
    at Object._prettifyError (/opt/homebrew/lib/node_modules/markbind-cli/node_modules/nunjucks/src/lib.js:32:11)
    at file:///opt/homebrew/lib/node_modules/markbind-cli/node_modules/@markbind/core/src/patches/nunjucks/context-overrides-frame.js:336:23
    at Template.root [as rootRenderFunc] (eval at _compile (/opt/homebrew/lib/node_modules/markbind-cli/node_modules/nunjucks/src/environment.js:527:18), <anonymous>:57:3)
    at Template.render (file:///opt/homebrew/lib/node_modules/markbind-cli/node_modules/@markbind/core/src/patches/nunjucks/context-overrides-frame.js:326:10)
    at file:///opt/homebrew/lib/node_modules/markbind-cli/node_modules/@markbind/core/src/patches/nunjucks/context-overrides-frame.js:55:31
    at Environment.getTemplate (file:///opt/homebrew/lib/node_modules/markbind-cli/node_modules/@markbind/core/src/patches/nunjucks/load-event.js:78:13)
    at Environment.render (file:///opt/homebrew/lib/node_modules/markbind-cli/node_modules/@markbind/core/src/patches/nunjucks/context-overrides-frame.js:47:10)
    at VariableRenderer.renderFile (file:///opt/homebrew/lib/node_modules/markbind-cli/node_modules/@markbind/core/src/variables/VariableRenderer.js:44:24)
    at VariableProcessor.renderWithSiteVariables (file:///opt/homebrew/lib/node_modules/markbind-cli/node_modules/@markbind/core/src/variables/VariableProcessor.js:125:57)
    at VariableProcessor.renderIncludeFile (file:///opt/homebrew/lib/node_modules/markbind-cli/node_modules/@markbind/core/src/variables/VariableProcessor.js:202:38)
2026-10-05T08:55:57.112Z - [31merror[39m: Template render error: (/Users/damithch/Repos/nus-cs2103/cs2103-website-base/book/modeling/modelingASolution/basic/text.md)
  Template render error: (/Users/damithch/Repos/nus-cs2103/cs2103-website-base/book/modeling/modelingASolution/basic/text.md)
  Error: template not found: common/topics.njk
    at Object._prettifyError (/opt/homebrew/lib/node_modules/markbind-cli/node_modules/nunjucks/src/lib.js:32:11)
    at file:///opt/homebrew/lib/node_modules/markbind-cli/node_modules/@markbind/core/src/patches/nunjucks/context-overrides-frame.js:336:23
    at Template.root [as rootRenderFunc] (eval at _compile (/opt/homebrew/lib/node_modules/markbind-cli/node_modules/nunjucks/src/environment.js:527:18), <anonymous>:57:3)
    at Template.render (file:///opt/homebrew/lib/node_modules/markbind-cli/node_modules/@markbind/core/src/patches/nunjucks/context-overrides-frame.js:326:10)
    at file:///opt/homebrew/lib/node_modules/markbind-cli/node_modules/@markbind/core/src/patches/nunjucks/context-overrides-frame.js:55:31
    at Environment.getTemplate (file:///opt/homebrew/lib/node_modules/markbind-cli/node_modules/@markbind/core/src/patches/nunjucks/load-event.js:78:13)
    at Environment.render (file:///opt/homebrew/lib/node_modules/markbind-cli/node_modules/@markbind/core/src/patches/nunjucks/context-overrides-frame.js:47:10)
    at VariableRenderer.renderFile (file:///opt/homebrew/lib/node_modules/markbind-cli/node_modules/@markbind/core/src/variables/VariableRenderer.js:44:24)
    at VariableProcessor.renderWithSiteVariables (file:///opt/homebrew/lib/node_modules/markbind-cli/node_modules/@markbind/core/src/variables/VariableProcessor.js:125:57)
    at VariableProcessor.renderIncludeFile (file:///opt/homebrew/lib/node_modules/markbind-cli/node_modules/@markbind/core/src/variables/VariableProcessor.js:202:38)
2026-10-05T08:55:57.112Z - [31merror[39m: Template render error: (/Users/damithch/Repos/nus-cs2103/cs2103-website-base/book/modeling/modelingASolution/basic/text.md)
  Template render error: (/Users/damithch/Repos/nus-cs2103/cs2103-website-base/book/modeling/modelingASolution/basic/text.md)
  Error: template not found: common/topics.njk
    at Object._prettifyError (/opt/homebrew/lib/node_modules/markbind-cli/node_modules/nunjucks/src/lib.js:32:11)
    at file:///opt/homebrew/lib/node_modules/markbind-cli/node_modules/@markbind/core/src/patches/nunjucks/context-overrides-frame.js:336:23
    at Template.root [as rootRenderFunc] (eval at _compile (/opt/homebrew/lib/node_modules/markbind-cli/node_modules/nunjucks/src/environment.js:527:18), <anonymous>:57:3)
    at Template.render (file:///opt/homebrew/lib/node_modules/markbind-cli/node_modules/@markbind/core/src/patches/nunjucks/context-overrides-frame.js:326:10)
    at file:///opt/homebrew/lib/node_modules/markbind-cli/node_modules/@markbind/core/src/patches/nunjucks/context-overrides-frame.js:55:31
    at Environment.getTemplate (file:///opt/homebrew/lib/node_modules/markbind-cli/node_modules/@markbind/core/src/patches/nunjucks/load-event.js:78:13)
    at Environment.render (file:///opt/homebrew/lib/node_modules/markbind-cli/node_modules/@markbind/core/src/patches/nunjucks/context-overrides-frame.js:47:10)
    at VariableRenderer.renderFile (file:///opt/homebrew/lib/node_modules/markbind-cli/node_modules/@markbind/core/src/variables/VariableRenderer.js:44:24)
    at VariableProcessor.renderWithSiteVariables (file:///opt/homebrew/lib/node_modules/markbind-cli/node_modules/@markbind/core/src/variables/VariableProcessor.js:125:57)
    at VariableProcessor.renderIncludeFile (file:///opt/homebrew/lib/node_modules/markbind-cli/node_modules/@markbind/core/src/variables/VariableProcessor.js:202:38)
2026-10-05T08:55:57.117Z - [31merror[39m: Template render error: (/Users/damithch/Repos/nus-cs2103/cs2103-website-base/book/modeling/modelingASolution/basic/text.md)
  Template render error: (/Users/damithch/Repos/nus-cs2103/cs2103-website-base/book/modeling/modelingASolution/basic/text.md)
  Error: template not found: common/topics.njk
    at Object._prettifyError (/opt/homebrew/lib/node_modules/markbind-cli/node_modules/nunjucks/src/lib.js:32:11)
    at file:///opt/homebrew/lib/node_modules/markbind-cli/node_modules/@markbind/core/src/patches/nunjucks/context-overrides-frame.js:336:23
    at Template.root [as rootRenderFunc] (eval at _compile (/opt/homebrew/lib/node_modules/markbind-cli/node_modules/nunjucks/src/environment.js:527:18), <anonymous>:57:3)
    at Template.render (file:///opt/homebrew/lib/node_modules/markbind-cli/node_modules/@markbind/core/src/patches/nunjucks/context-overrides-frame.js:326:10)
    at file:///opt/homebrew/lib/node_modules/markbind-cli/node_modules/@markbind/core/src/patches/nunjucks/context-overrides-frame.js:55:31
    at Environment.getTemplate (file:///opt/homebrew/lib/node_modules/markbind-cli/node_modules/@markbind/core/src/patches/nunjucks/load-event.js:78:13)
    at Environment.render (file:///opt/homebrew/lib/node_modules/markbind-cli/node_modules/@markbind/core/src/patches/nunjucks/context-overrides-frame.js:47:10)
    at VariableRenderer.renderFile (file:///opt/homebrew/lib/node_modules/markbind-cli/node_modules/@markbind/core/src/variables/VariableRenderer.js:44:24)
    at VariableProcessor.renderWithSiteVariables (file:///opt/homebrew/lib/node_modules/markbind-cli/node_modules/@markbind/core/src/variables/VariableProcessor.js:125:57)
    at VariableProcessor.renderIncludeFile (file:///opt/homebrew/lib/node_modules/markbind-cli/node_modules/@markbind/core/src/variables/VariableProcessor.js:202:38)
2026-10-05T08:55:57.117Z - [31merror[39m: Template render error: (/Users/damithch/Repos/nus-cs2103/cs2103-website-base/book/modeling/modelingASolution/basic/text.md)
  Template render error: (/Users/damithch/Repos/nus-cs2103/cs2103-website-base/book/modeling/modelingASolution/basic/text.md)
  Error: template not found: common/topics.njk
    at Object._prettifyError (/opt/homebrew/lib/node_modules/markbind-cli/node_modules/nunjucks/src/lib.js:32:11)
    at file:///opt/homebrew/lib/node_modules/markbind-cli/node_modules/@markbind/core/src/patches/nunjucks/context-overrides-frame.js:336:23
    at Template.root [as rootRenderFunc] (eval at _compile (/opt/homebrew/lib/node_modules/markbind-cli/node_modules/nunjucks/src/environment.js:527:18), <anonymous>:57:3)
    at Template.render (file:///opt/homebrew/lib/node_modules/markbind-cli/node_modules/@markbind/core/src/patches/nunjucks/context-overrides-frame.js:326:10)
    at file:///opt/homebrew/lib/node_modules/markbind-cli/node_modules/@markbind/core/src/patches/nunjucks/context-overrides-frame.js:55:31
    at Environment.getTemplate (file:///opt/homebrew/lib/node_modules/markbind-cli/node_modules/@markbind/core/src/patches/nunjucks/load-event.js:78:13)
    at Environment.render (file:///opt/homebrew/lib/node_modules/markbind-cli/node_modules/@markbind/core/src/patches/nunjucks/context-overrides-frame.js:47:10)
    at VariableRenderer.renderFile (file:///opt/homebrew/lib/node_modules/markbind-cli/node_modules/@markbind/core/src/variables/VariableRenderer.js:44:24)
    at VariableProcessor.renderWithSiteVariables (file:///opt/homebrew/lib/node_modules/markbind-cli/node_modules/@markbind/core/src/variables/VariableProcessor.js:125:57)
    at VariableProcessor.renderIncludeFile (file:///opt/homebrew/lib/node_modules/markbind-cli/node_modules/@markbind/core/src/variables/VariableProcessor.js:202:38)
2026-10-05T08:55:57.117Z - [31merror[39m: Template render error: (/Users/damithch/Repos/nus-cs2103/cs2103-website-base/book/modeling/modelingASolution/basic/text.md)
  Template render error: (/Users/damithch/Repos/nus-cs2103/cs2103-website-base/book/modeling/modelingASolution/basic/text.md)
  Error: template not found: common/topics.njk
    at Object._prettifyError (/opt/homebrew/lib/node_modules/markbind-cli/node_modules/nunjucks/src/lib.js:32:11)
    at file:///opt/homebrew/lib/node_modules/markbind-cli/node_modules/@markbind/core/src/patches/nunjucks/context-overrides-frame.js:336:23
    at Template.root [as rootRenderFunc] (eval at _compile (/opt/homebrew/lib/node_modules/markbind-cli/node_modules/nunjucks/src/environment.js:527:18), <anonymous>:57:3)
    at Template.render (file:///opt/homebrew/lib/node_modules/markbind-cli/node_modules/@markbind/core/src/patches/nunjucks/context-overrides-frame.js:326:10)
    at file:///opt/homebrew/lib/node_modules/markbind-cli/node_modules/@markbind/core/src/patches/nunjucks/context-overrides-frame.js:55:31
    at Environment.getTemplate (file:///opt/homebrew/lib/node_modules/markbind-cli/node_modules/@markbind/core/src/patches/nunjucks/load-event.js:78:13)
    at Environment.render (file:///opt/homebrew/lib/node_modules/markbind-cli/node_modules/@markbind/core/src/patches/nunjucks/context-overrides-frame.js:47:10)
    at VariableRenderer.renderFile (file:///opt/homebrew/lib/node_modules/markbind-cli/node_modules/@markbind/core/src/variables/VariableRenderer.js:44:24)
    at VariableProcessor.renderWithSiteVariables (file:///opt/homebrew/lib/node_modules/markbind-cli/node_modules/@markbind/core/src/variables/VariableProcessor.js:125:57)
    at VariableProcessor.renderIncludeFile (file:///opt/homebrew/lib/node_modules/markbind-cli/node_modules/@markbind/core/src/variables/VariableProcessor.js:202:38)
2026-10-05T08:55:57.862Z - [36mverbose[39m: Rendering page: /Users/damithch/Repos/nus-cs2103/cs2103-website-base/schedule/week9/topics.md
2026-10-05T08:55:57.957Z - [32minfo[39m: Site data built
2026-10-05T08:55:57.957Z - [32minfo[39m: Pages rebuilt
2026-10-05T08:55:57.957Z - [32minfo[39m: Website regeneration complete! Total build time: 1.134s
2026-10-05T08:56:16.512Z - [32minfo[39m: [16:56:16] Reload for file change: /Users/damithch/Repos/nus-cs2103/cs2103-website-base/book/modeling/modelingASolution/basic/text.md
2026-10-05T08:56:16.515Z - [32minfo[39m: Synchronizing opened pages list before reload
2026-10-05T08:56:16.516Z - [32minfo[39m: Current opened pages, from most-to-least recent:
2026-10-05T08:56:16.516Z - [32minfo[39m: 1. schedule/week9/topics
2026-10-05T08:56:17.537Z - [32minfo[39m: Rebuilding 1 pages
2026-10-05T08:56:17.680Z - [31merror[39m: Template render error: (/Users/damithch/Repos/nus-cs2103/cs2103-website-base/book/modeling/modelingASolution/basic/text.md)
  Template render error: (/Users/damithch/Repos/nus-cs2103/cs2103-website-base/book/modeling/modelingASolution/basic/text.md)
  Error: template not found: common/topics.njk
    at Object._prettifyError (/opt/homebrew/lib/node_modules/markbind-cli/node_modules/nunjucks/src/lib.js:32:11)
    at file:///opt/homebrew/lib/node_modules/markbind-cli/node_modules/@markbind/core/src/patches/nunjucks/context-overrides-frame.js:336:23
    at Template.root [as rootRenderFunc] (eval at _compile (/opt/homebrew/lib/node_modules/markbind-cli/node_modules/nunjucks/src/environment.js:527:18), <anonymous>:57:3)
    at Template.render (file:///opt/homebrew/lib/node_modules/markbind-cli/node_modules/@markbind/core/src/patches/nunjucks/context-overrides-frame.js:326:10)
    at file:///opt/homebrew/lib/node_modules/markbind-cli/node_modules/@markbind/core/src/patches/nunjucks/context-overrides-frame.js:55:31
    at createTemplate (file:///opt/homebrew/lib/node_modules/markbind-cli/node_modules/@markbind/core/src/patches/nunjucks/load-event.js:110:13)
    at handle (file:///opt/homebrew/lib/node_modules/markbind-cli/node_modules/@markbind/core/src/patches/nunjucks/load-event.js:123:17)
    at file:///opt/homebrew/lib/node_modules/markbind-cli/node_modules/@markbind/core/src/patches/nunjucks/load-event.js:134:13
    at next (/opt/homebrew/lib/node_modules/markbind-cli/node_modules/nunjucks/src/lib.js:258:7)
    at Object.asyncIter (/opt/homebrew/lib/node_modules/markbind-cli/node_modules/nunjucks/src/lib.js:263:3)
2026-10-05T08:56:17.780Z - [31merror[39m: Template render error: (/Users/damithch/Repos/nus-cs2103/cs2103-website-base/book/modeling/modelingASolution/basic/text.md)
  Template render error: (/Users/damithch/Repos/nus-cs2103/cs2103-website-base/book/modeling/modelingASolution/basic/text.md)
  Error: template not found: common/topics.njk
    at Object._prettifyError (/opt/homebrew/lib/node_modules/markbind-cli/node_modules/nunjucks/src/lib.js:32:11)
    at file:///opt/homebrew/lib/node_modules/markbind-cli/node_modules/@markbind/core/src/patches/nunjucks/context-overrides-frame.js:336:23
    at Template.root [as rootRenderFunc] (eval at _compile (/opt/homebrew/lib/node_modules/markbind-cli/node_modules/nunjucks/src/environment.js:527:18), <anonymous>:57:3)
    at Template.render (file:///opt/homebrew/lib/node_modules/markbind-cli/node_modules/@markbind/core/src/patches/nunjucks/context-overrides-frame.js:326:10)
    at file:///opt/homebrew/lib/node_modules/markbind-cli/node_modules/@markbind/core/src/patches/nunjucks/context-overrides-frame.js:55:31
    at Environment.getTemplate (file:///opt/homebrew/lib/node_modules/markbind-cli/node_modules/@markbind/core/src/patches/nunjucks/load-event.js:78:13)
    at Environment.render (file:///opt/homebrew/lib/node_modules/markbind-cli/node_modules/@markbind/core/src/patches/nunjucks/context-overrides-frame.js:47:10)
    at VariableRenderer.renderFile (file:///opt/homebrew/lib/node_modules/markbind-cli/node_modules/@markbind/core/src/variables/VariableRenderer.js:44:24)
    at VariableProcessor.renderWithSiteVariables (file:///opt/homebrew/lib/node_modules/markbind-cli/node_modules/@markbind/core/src/variables/VariableProcessor.js:125:57)
    at VariableProcessor.renderIncludeFile (file:///opt/homebrew/lib/node_modules/markbind-cli/node_modules/@markbind/core/src/variables/VariableProcessor.js:202:38)
2026-10-05T08:56:17.780Z - [31merror[39m: Template render error: (/Users/damithch/Repos/nus-cs2103/cs2103-website-base/book/modeling/modelingASolution/basic/text.md)
  Template render error: (/Users/damithch/Repos/nus-cs2103/cs2103-website-base/book/modeling/modelingASolution/basic/text.md)
  Error: template not found: common/topics.njk
    at Object._prettifyError (/opt/homebrew/lib/node_modules/markbind-cli/node_modules/nunjucks/src/lib.js:32:11)
    at file:///opt/homebrew/lib/node_modules/markbind-cli/node_modules/@markbind/core/src/patches/nunjucks/context-overrides-frame.js:336:23
    at Template.root [as rootRenderFunc] (eval at _compile (/opt/homebrew/lib/node_modules/markbind-cli/node_modules/nunjucks/src/environment.js:527:18), <anonymous>:57:3)
    at Template.render (file:///opt/homebrew/lib/node_modules/markbind-cli/node_modules/@markbind/core/src/patches/nunjucks/context-overrides-frame.js:326:10)
    at file:///opt/homebrew/lib/node_modules/markbind-cli/node_modules/@markbind/core/src/patches/nunjucks/context-overrides-frame.js:55:31
    at Environment.getTemplate (file:///opt/homebrew/lib/node_modules/markbind-cli/node_modules/@markbind/core/src/patches/nunjucks/load-event.js:78:13)
    at Environment.render (file:///opt/homebrew/lib/node_modules/markbind-cli/node_modules/@markbind/core/src/patches/nunjucks/context-overrides-frame.js:47:10)
    at VariableRenderer.renderFile (file:///opt/homebrew/lib/node_modules/markbind-cli/node_modules/@markbind/core/src/variables/VariableRenderer.js:44:24)
    at VariableProcessor.renderWithSiteVariables (file:///opt/homebrew/lib/node_modules/markbind-cli/node_modules/@markbind/core/src/variables/VariableProcessor.js:125:57)
    at VariableProcessor.renderIncludeFile (file:///opt/homebrew/lib/node_modules/markbind-cli/node_modules/@markbind/core/src/variables/VariableProcessor.js:202:38)
2026-10-05T08:56:17.781Z - [31merror[39m: Template render error: (/Users/damithch/Repos/nus-cs2103/cs2103-website-base/book/modeling/modelingASolution/basic/text.md)
  Template render error: (/Users/damithch/Repos/nus-cs2103/cs2103-website-base/book/modeling/modelingASolution/basic/text.md)
  Error: template not found: common/topics.njk
    at Object._prettifyError (/opt/homebrew/lib/node_modules/markbind-cli/node_modules/nunjucks/src/lib.js:32:11)
    at file:///opt/homebrew/lib/node_modules/markbind-cli/node_modules/@markbind/core/src/patches/nunjucks/context-overrides-frame.js:336:23
    at Template.root [as rootRenderFunc] (eval at _compile (/opt/homebrew/lib/node_modules/markbind-cli/node_modules/nunjucks/src/environment.js:527:18), <anonymous>:57:3)
    at Template.render (file:///opt/homebrew/lib/node_modules/markbind-cli/node_modules/@markbind/core/src/patches/nunjucks/context-overrides-frame.js:326:10)
    at file:///opt/homebrew/lib/node_modules/markbind-cli/node_modules/@markbind/core/src/patches/nunjucks/context-overrides-frame.js:55:31
    at Environment.getTemplate (file:///opt/homebrew/lib/node_modules/markbind-cli/node_modules/@markbind/core/src/patches/nunjucks/load-event.js:78:13)
    at Environment.render (file:///opt/homebrew/lib/node_modules/markbind-cli/node_modules/@markbind/core/src/patches/nunjucks/context-overrides-frame.js:47:10)
    at VariableRenderer.renderFile (file:///opt/homebrew/lib/node_modules/markbind-cli/node_modules/@markbind/core/src/variables/VariableRenderer.js:44:24)
    at VariableProcessor.renderWithSiteVariables (file:///opt/homebrew/lib/node_modules/markbind-cli/node_modules/@markbind/core/src/variables/VariableProcessor.js:125:57)
    at VariableProcessor.renderIncludeFile (file:///opt/homebrew/lib/node_modules/markbind-cli/node_modules/@markbind/core/src/variables/VariableProcessor.js:202:38)
2026-10-05T08:56:17.786Z - [31merror[39m: Template render error: (/Users/damithch/Repos/nus-cs2103/cs2103-website-base/book/modeling/modelingASolution/basic/text.md)
  Template render error: (/Users/damithch/Repos/nus-cs2103/cs2103-website-base/book/modeling/modelingASolution/basic/text.md)
  Error: template not found: common/topics.njk
    at Object._prettifyError (/opt/homebrew/lib/node_modules/markbind-cli/node_modules/nunjucks/src/lib.js:32:11)
    at file:///opt/homebrew/lib/node_modules/markbind-cli/node_modules/@markbind/core/src/patches/nunjucks/context-overrides-frame.js:336:23
    at Template.root [as rootRenderFunc] (eval at _compile (/opt/homebrew/lib/node_modules/markbind-cli/node_modules/nunjucks/src/environment.js:527:18), <anonymous>:57:3)
    at Template.render (file:///opt/homebrew/lib/node_modules/markbind-cli/node_modules/@markbind/core/src/patches/nunjucks/context-overrides-frame.js:326:10)
    at file:///opt/homebrew/lib/node_modules/markbind-cli/node_modules/@markbind/core/src/patches/nunjucks/context-overrides-frame.js:55:31
    at Environment.getTemplate (file:///opt/homebrew/lib/node_modules/markbind-cli/node_modules/@markbind/core/src/patches/nunjucks/load-event.js:78:13)
    at Environment.render (file:///opt/homebrew/lib/node_modules/markbind-cli/node_modules/@markbind/core/src/patches/nunjucks/context-overrides-frame.js:47:10)
    at VariableRenderer.renderFile (file:///opt/homebrew/lib/node_modules/markbind-cli/node_modules/@markbind/core/src/variables/VariableRenderer.js:44:24)
    at VariableProcessor.renderWithSiteVariables (file:///opt/homebrew/lib/node_modules/markbind-cli/node_modules/@markbind/core/src/variables/VariableProcessor.js:125:57)
    at VariableProcessor.renderIncludeFile (file:///opt/homebrew/lib/node_modules/markbind-cli/node_modules/@markbind/core/src/variables/VariableProcessor.js:202:38)
2026-10-05T08:56:17.786Z - [31merror[39m: Template render error: (/Users/damithch/Repos/nus-cs2103/cs2103-website-base/book/modeling/modelingASolution/basic/text.md)
  Template render error: (/Users/damithch/Repos/nus-cs2103/cs2103-website-base/book/modeling/modelingASolution/basic/text.md)
  Error: template not found: common/topics.njk
    at Object._prettifyError (/opt/homebrew/lib/node_modules/markbind-cli/node_modules/nunjucks/src/lib.js:32:11)
    at file:///opt/homebrew/lib/node_modules/markbind-cli/node_modules/@markbind/core/src/patches/nunjucks/context-overrides-frame.js:336:23
    at Template.root [as rootRenderFunc] (eval at _compile (/opt/homebrew/lib/node_modules/markbind-cli/node_modules/nunjucks/src/environment.js:527:18), <anonymous>:57:3)
    at Template.render (file:///opt/homebrew/lib/node_modules/markbind-cli/node_modules/@markbind/core/src/patches/nunjucks/context-overrides-frame.js:326:10)
    at file:///opt/homebrew/lib/node_modules/markbind-cli/node_modules/@markbind/core/src/patches/nunjucks/context-overrides-frame.js:55:31
    at Environment.getTemplate (file:///opt/homebrew/lib/node_modules/markbind-cli/node_modules/@markbind/core/src/patches/nunjucks/load-event.js:78:13)
    at Environment.render (file:///opt/homebrew/lib/node_modules/markbind-cli/node_modules/@markbind/core/src/patches/nunjucks/context-overrides-frame.js:47:10)
    at VariableRenderer.renderFile (file:///opt/homebrew/lib/node_modules/markbind-cli/node_modules/@markbind/core/src/variables/VariableRenderer.js:44:24)
    at VariableProcessor.renderWithSiteVariables (file:///opt/homebrew/lib/node_modules/markbind-cli/node_modules/@markbind/core/src/variables/VariableProcessor.js:125:57)
    at VariableProcessor.renderIncludeFile (file:///opt/homebrew/lib/node_modules/markbind-cli/node_modules/@markbind/core/src/variables/VariableProcessor.js:202:38)
2026-10-05T08:56:17.786Z - [31merror[39m: Template render error: (/Users/damithch/Repos/nus-cs2103/cs2103-website-base/book/modeling/modelingASolution/basic/text.md)
  Template render error: (/Users/damithch/Repos/nus-cs2103/cs2103-website-base/book/modeling/modelingASolution/basic/text.md)
  Error: template not found: common/topics.njk
    at Object._prettifyError (/opt/homebrew/lib/node_modules/markbind-cli/node_modules/nunjucks/src/lib.js:32:11)
    at file:///opt/homebrew/lib/node_modules/markbind-cli/node_modules/@markbind/core/src/patches/nunjucks/context-overrides-frame.js:336:23
    at Template.root [as rootRenderFunc] (eval at _compile (/opt/homebrew/lib/node_modules/markbind-cli/node_modules/nunjucks/src/environment.js:527:18), <anonymous>:57:3)
    at Template.render (file:///opt/homebrew/lib/node_modules/markbind-cli/node_modules/@markbind/core/src/patches/nunjucks/context-overrides-frame.js:326:10)
    at file:///opt/homebrew/lib/node_modules/markbind-cli/node_modules/@markbind/core/src/patches/nunjucks/context-overrides-frame.js:55:31
    at Environment.getTemplate (file:///opt/homebrew/lib/node_modules/markbind-cli/node_modules/@markbind/core/src/patches/nunjucks/load-event.js:78:13)
    at Environment.render (file:///opt/homebrew/lib/node_modules/markbind-cli/node_modules/@markbind/core/src/patches/nunjucks/context-overrides-frame.js:47:10)
    at VariableRenderer.renderFile (file:///opt/homebrew/lib/node_modules/markbind-cli/node_modules/@markbind/core/src/variables/VariableRenderer.js:44:24)
    at VariableProcessor.renderWithSiteVariables (file:///opt/homebrew/lib/node_modules/markbind-cli/node_modules/@markbind/core/src/variables/VariableProcessor.js:125:57)
    at VariableProcessor.renderIncludeFile (file:///opt/homebrew/lib/node_modules/markbind-cli/node_modules/@markbind/core/src/variables/VariableProcessor.js:202:38)
2026-10-05T08:56:18.437Z - [36mverbose[39m: Rendering page: /Users/damithch/Repos/nus-cs2103/cs2103-website-base/schedule/week9/topics.md
2026-10-05T08:56:18.490Z - [32minfo[39m: Site data built
2026-10-05T08:56:18.490Z - [32minfo[39m: Pages rebuilt
2026-10-05T08:56:18.490Z - [32minfo[39m: Website regeneration complete! Total build time: 0.972s
2026-10-05T08:59:13.009Z - [32minfo[39m: [16:59:13] Reload for file change: /Users/damithch/Repos/nus-cs2103/cs2103-website-base/book/modeling/modelingASolution/basic/text.md
2026-10-05T08:59:13.012Z - [32minfo[39m: Synchronizing opened pages list before reload
2026-10-05T08:59:13.012Z - [32minfo[39m: Current opened pages, from most-to-least recent:
2026-10-05T08:59:13.012Z - [32minfo[39m: 1. schedule/week9/topics
2026-10-05T08:59:14.019Z - [32minfo[39m: Rebuilding 1 pages
2026-10-05T08:59:14.155Z - [31merror[39m: Template render error: (/Users/damithch/Repos/nus-cs2103/cs2103-website-base/book/modeling/modelingASolution/basic/text.md)
  Template render error: (/Users/damithch/Repos/nus-cs2103/cs2103-website-base/book/modeling/modelingASolution/basic/text.md)
  Error: template not found: common/topics.njk
    at Object._prettifyError (/opt/homebrew/lib/node_modules/markbind-cli/node_modules/nunjucks/src/lib.js:32:11)
    at file:///opt/homebrew/lib/node_modules/markbind-cli/node_modules/@markbind/core/src/patches/nunjucks/context-overrides-frame.js:336:23
    at Template.root [as rootRenderFunc] (eval at _compile (/opt/homebrew/lib/node_modules/markbind-cli/node_modules/nunjucks/src/environment.js:527:18), <anonymous>:57:3)
    at Template.render (file:///opt/homebrew/lib/node_modules/markbind-cli/node_modules/@markbind/core/src/patches/nunjucks/context-overrides-frame.js:326:10)
    at file:///opt/homebrew/lib/node_modules/markbind-cli/node_modules/@markbind/core/src/patches/nunjucks/context-overrides-frame.js:55:31
    at createTemplate (file:///opt/homebrew/lib/node_modules/markbind-cli/node_modules/@markbind/core/src/patches/nunjucks/load-event.js:110:13)
    at handle (file:///opt/homebrew/lib/node_modules/markbind-cli/node_modules/@markbind/core/src/patches/nunjucks/load-event.js:123:17)
    at file:///opt/homebrew/lib/node_modules/markbind-cli/node_modules/@markbind/core/src/patches/nunjucks/load-event.js:134:13
    at next (/opt/homebrew/lib/node_modules/markbind-cli/node_modules/nunjucks/src/lib.js:258:7)
    at Object.asyncIter (/opt/homebrew/lib/node_modules/markbind-cli/node_modules/nunjucks/src/lib.js:263:3)
2026-10-05T08:59:14.285Z - [31merror[39m: Template render error: (/Users/damithch/Repos/nus-cs2103/cs2103-website-base/book/modeling/modelingASolution/basic/text.md)
  Template render error: (/Users/damithch/Repos/nus-cs2103/cs2103-website-base/book/modeling/modelingASolution/basic/text.md)
  Error: template not found: common/topics.njk
    at Object._prettifyError (/opt/homebrew/lib/node_modules/markbind-cli/node_modules/nunjucks/src/lib.js:32:11)
    at file:///opt/homebrew/lib/node_modules/markbind-cli/node_modules/@markbind/core/src/patches/nunjucks/context-overrides-frame.js:336:23
    at Template.root [as rootRenderFunc] (eval at _compile (/opt/homebrew/lib/node_modules/markbind-cli/node_modules/nunjucks/src/environment.js:527:18), <anonymous>:57:3)
    at Template.render (file:///opt/homebrew/lib/node_modules/markbind-cli/node_modules/@markbind/core/src/patches/nunjucks/context-overrides-frame.js:326:10)
    at file:///opt/homebrew/lib/node_modules/markbind-cli/node_modules/@markbind/core/src/patches/nunjucks/context-overrides-frame.js:55:31
    at Environment.getTemplate (file:///opt/homebrew/lib/node_modules/markbind-cli/node_modules/@markbind/core/src/patches/nunjucks/load-event.js:78:13)
    at Environment.render (file:///opt/homebrew/lib/node_modules/markbind-cli/node_modules/@markbind/core/src/patches/nunjucks/context-overrides-frame.js:47:10)
    at VariableRenderer.renderFile (file:///opt/homebrew/lib/node_modules/markbind-cli/node_modules/@markbind/core/src/variables/VariableRenderer.js:44:24)
    at VariableProcessor.renderWithSiteVariables (file:///opt/homebrew/lib/node_modules/markbind-cli/node_modules/@markbind/core/src/variables/VariableProcessor.js:125:57)
    at VariableProcessor.renderIncludeFile (file:///opt/homebrew/lib/node_modules/markbind-cli/node_modules/@markbind/core/src/variables/VariableProcessor.js:202:38)
2026-10-05T08:59:14.285Z - [31merror[39m: Template render error: (/Users/damithch/Repos/nus-cs2103/cs2103-website-base/book/modeling/modelingASolution/basic/text.md)
  Template render error: (/Users/damithch/Repos/nus-cs2103/cs2103-website-base/book/modeling/modelingASolution/basic/text.md)
  Error: template not found: common/topics.njk
    at Object._prettifyError (/opt/homebrew/lib/node_modules/markbind-cli/node_modules/nunjucks/src/lib.js:32:11)
    at file:///opt/homebrew/lib/node_modules/markbind-cli/node_modules/@markbind/core/src/patches/nunjucks/context-overrides-frame.js:336:23
    at Template.root [as rootRenderFunc] (eval at _compile (/opt/homebrew/lib/node_modules/markbind-cli/node_modules/nunjucks/src/environment.js:527:18), <anonymous>:57:3)
    at Template.render (file:///opt/homebrew/lib/node_modules/markbind-cli/node_modules/@markbind/core/src/patches/nunjucks/context-overrides-frame.js:326:10)
    at file:///opt/homebrew/lib/node_modules/markbind-cli/node_modules/@markbind/core/src/patches/nunjucks/context-overrides-frame.js:55:31
    at Environment.getTemplate (file:///opt/homebrew/lib/node_modules/markbind-cli/node_modules/@markbind/core/src/patches/nunjucks/load-event.js:78:13)
    at Environment.render (file:///opt/homebrew/lib/node_modules/markbind-cli/node_modules/@markbind/core/src/patches/nunjucks/context-overrides-frame.js:47:10)
    at VariableRenderer.renderFile (file:///opt/homebrew/lib/node_modules/markbind-cli/node_modules/@markbind/core/src/variables/VariableRenderer.js:44:24)
    at VariableProcessor.renderWithSiteVariables (file:///opt/homebrew/lib/node_modules/markbind-cli/node_modules/@markbind/core/src/variables/VariableProcessor.js:125:57)
    at VariableProcessor.renderIncludeFile (file:///opt/homebrew/lib/node_modules/markbind-cli/node_modules/@markbind/core/src/variables/VariableProcessor.js:202:38)
2026-10-05T08:59:14.285Z - [31merror[39m: Template render error: (/Users/damithch/Repos/nus-cs2103/cs2103-website-base/book/modeling/modelingASolution/basic/text.md)
  Template render error: (/Users/damithch/Repos/nus-cs2103/cs2103-website-base/book/modeling/modelingASolution/basic/text.md)
  Error: template not found: common/topics.njk
    at Object._prettifyError (/opt/homebrew/lib/node_modules/markbind-cli/node_modules/nunjucks/src/lib.js:32:11)
    at file:///opt/homebrew/lib/node_modules/markbind-cli/node_modules/@markbind/core/src/patches/nunjucks/context-overrides-frame.js:336:23
    at Template.root [as rootRenderFunc] (eval at _compile (/opt/homebrew/lib/node_modules/markbind-cli/node_modules/nunjucks/src/environment.js:527:18), <anonymous>:57:3)
    at Template.render (file:///opt/homebrew/lib/node_modules/markbind-cli/node_modules/@markbind/core/src/patches/nunjucks/context-overrides-frame.js:326:10)
    at file:///opt/homebrew/lib/node_modules/markbind-cli/node_modules/@markbind/core/src/patches/nunjucks/context-overrides-frame.js:55:31
    at Environment.getTemplate (file:///opt/homebrew/lib/node_modules/markbind-cli/node_modules/@markbind/core/src/patches/nunjucks/load-event.js:78:13)
    at Environment.render (file:///opt/homebrew/lib/node_modules/markbind-cli/node_modules/@markbind/core/src/patches/nunjucks/context-overrides-frame.js:47:10)
    at VariableRenderer.renderFile (file:///opt/homebrew/lib/node_modules/markbind-cli/node_modules/@markbind/core/src/variables/VariableRenderer.js:44:24)
    at VariableProcessor.renderWithSiteVariables (file:///opt/homebrew/lib/node_modules/markbind-cli/node_modules/@markbind/core/src/variables/VariableProcessor.js:125:57)
    at VariableProcessor.renderIncludeFile (file:///opt/homebrew/lib/node_modules/markbind-cli/node_modules/@markbind/core/src/variables/VariableProcessor.js:202:38)
2026-10-05T08:59:14.290Z - [31merror[39m: Template render error: (/Users/damithch/Repos/nus-cs2103/cs2103-website-base/book/modeling/modelingASolution/basic/text.md)
  Template render error: (/Users/damithch/Repos/nus-cs2103/cs2103-website-base/book/modeling/modelingASolution/basic/text.md)
  Error: template not found: common/topics.njk
    at Object._prettifyError (/opt/homebrew/lib/node_modules/markbind-cli/node_modules/nunjucks/src/lib.js:32:11)
    at file:///opt/homebrew/lib/node_modules/markbind-cli/node_modules/@markbind/core/src/patches/nunjucks/context-overrides-frame.js:336:23
    at Template.root [as rootRenderFunc] (eval at _compile (/opt/homebrew/lib/node_modules/markbind-cli/node_modules/nunjucks/src/environment.js:527:18), <anonymous>:57:3)
    at Template.render (file:///opt/homebrew/lib/node_modules/markbind-cli/node_modules/@markbind/core/src/patches/nunjucks/context-overrides-frame.js:326:10)
    at file:///opt/homebrew/lib/node_modules/markbind-cli/node_modules/@markbind/core/src/patches/nunjucks/context-overrides-frame.js:55:31
    at Environment.getTemplate (file:///opt/homebrew/lib/node_modules/markbind-cli/node_modules/@markbind/core/src/patches/nunjucks/load-event.js:78:13)
    at Environment.render (file:///opt/homebrew/lib/node_modules/markbind-cli/node_modules/@markbind/core/src/patches/nunjucks/context-overrides-frame.js:47:10)
    at VariableRenderer.renderFile (file:///opt/homebrew/lib/node_modules/markbind-cli/node_modules/@markbind/core/src/variables/VariableRenderer.js:44:24)
    at VariableProcessor.renderWithSiteVariables (file:///opt/homebrew/lib/node_modules/markbind-cli/node_modules/@markbind/core/src/variables/VariableProcessor.js:125:57)
    at VariableProcessor.renderIncludeFile (file:///opt/homebrew/lib/node_modules/markbind-cli/node_modules/@markbind/core/src/variables/VariableProcessor.js:202:38)
2026-10-05T08:59:14.290Z - [31merror[39m: Template render error: (/Users/damithch/Repos/nus-cs2103/cs2103-website-base/book/modeling/modelingASolution/basic/text.md)
  Template render error: (/Users/damithch/Repos/nus-cs2103/cs2103-website-base/book/modeling/modelingASolution/basic/text.md)
  Error: template not found: common/topics.njk
    at Object._prettifyError (/opt/homebrew/lib/node_modules/markbind-cli/node_modules/nunjucks/src/lib.js:32:11)
    at file:///opt/homebrew/lib/node_modules/markbind-cli/node_modules/@markbind/core/src/patches/nunjucks/context-overrides-frame.js:336:23
    at Template.root [as rootRenderFunc] (eval at _compile (/opt/homebrew/lib/node_modules/markbind-cli/node_modules/nunjucks/src/environment.js:527:18), <anonymous>:57:3)
    at Template.render (file:///opt/homebrew/lib/node_modules/markbind-cli/node_modules/@markbind/core/src/patches/nunjucks/context-overrides-frame.js:326:10)
    at file:///opt/homebrew/lib/node_modules/markbind-cli/node_modules/@markbind/core/src/patches/nunjucks/context-overrides-frame.js:55:31
    at Environment.getTemplate (file:///opt/homebrew/lib/node_modules/markbind-cli/node_modules/@markbind/core/src/patches/nunjucks/load-event.js:78:13)
    at Environment.render (file:///opt/homebrew/lib/node_modules/markbind-cli/node_modules/@markbind/core/src/patches/nunjucks/context-overrides-frame.js:47:10)
    at VariableRenderer.renderFile (file:///opt/homebrew/lib/node_modules/markbind-cli/node_modules/@markbind/core/src/variables/VariableRenderer.js:44:24)
    at VariableProcessor.renderWithSiteVariables (file:///opt/homebrew/lib/node_modules/markbind-cli/node_modules/@markbind/core/src/variables/VariableProcessor.js:125:57)
    at VariableProcessor.renderIncludeFile (file:///opt/homebrew/lib/node_modules/markbind-cli/node_modules/@markbind/core/src/variables/VariableProcessor.js:202:38)
2026-10-05T08:59:14.291Z - [31merror[39m: Template render error: (/Users/damithch/Repos/nus-cs2103/cs2103-website-base/book/modeling/modelingASolution/basic/text.md)
  Template render error: (/Users/damithch/Repos/nus-cs2103/cs2103-website-base/book/modeling/modelingASolution/basic/text.md)
  Error: template not found: common/topics.njk
    at Object._prettifyError (/opt/homebrew/lib/node_modules/markbind-cli/node_modules/nunjucks/src/lib.js:32:11)
    at file:///opt/homebrew/lib/node_modules/markbind-cli/node_modules/@markbind/core/src/patches/nunjucks/context-overrides-frame.js:336:23
    at Template.root [as rootRenderFunc] (eval at _compile (/opt/homebrew/lib/node_modules/markbind-cli/node_modules/nunjucks/src/environment.js:527:18), <anonymous>:57:3)
    at Template.render (file:///opt/homebrew/lib/node_modules/markbind-cli/node_modules/@markbind/core/src/patches/nunjucks/context-overrides-frame.js:326:10)
    at file:///opt/homebrew/lib/node_modules/markbind-cli/node_modules/@markbind/core/src/patches/nunjucks/context-overrides-frame.js:55:31
    at Environment.getTemplate (file:///opt/homebrew/lib/node_modules/markbind-cli/node_modules/@markbind/core/src/patches/nunjucks/load-event.js:78:13)
    at Environment.render (file:///opt/homebrew/lib/node_modules/markbind-cli/node_modules/@markbind/core/src/patches/nunjucks/context-overrides-frame.js:47:10)
    at VariableRenderer.renderFile (file:///opt/homebrew/lib/node_modules/markbind-cli/node_modules/@markbind/core/src/variables/VariableRenderer.js:44:24)
    at VariableProcessor.renderWithSiteVariables (file:///opt/homebrew/lib/node_modules/markbind-cli/node_modules/@markbind/core/src/variables/VariableProcessor.js:125:57)
    at VariableProcessor.renderIncludeFile (file:///opt/homebrew/lib/node_modules/markbind-cli/node_modules/@markbind/core/src/variables/VariableProcessor.js:202:38)
2026-10-05T08:59:14.900Z - [36mverbose[39m: Rendering page: /Users/damithch/Repos/nus-cs2103/cs2103-website-base/schedule/week9/topics.md
2026-10-05T08:59:14.949Z - [32minfo[39m: Site data built
2026-10-05T08:59:14.949Z - [32minfo[39m: Pages rebuilt
2026-10-05T08:59:14.949Z - [32minfo[39m: Website regeneration complete! Total build time: 0.933s
2026-10-05T08:59:24.088Z - [32minfo[39m: [16:59:24] Reload for file change: /Users/damithch/Repos/nus-cs2103/cs2103-website-base/book/modeling/modelingASolution/basic/text.md
2026-10-05T08:59:24.088Z - [32minfo[39m: Synchronizing opened pages list before reload
2026-10-05T08:59:24.089Z - [32minfo[39m: Current opened pages, from most-to-least recent:
2026-10-05T08:59:24.089Z - [32minfo[39m: 1. schedule/week9/topics
2026-10-05T08:59:25.099Z - [32minfo[39m: Rebuilding 1 pages
2026-10-05T08:59:25.997Z - [36mverbose[39m: Rendering page: /Users/damithch/Repos/nus-cs2103/cs2103-website-base/schedule/week9/topics.md
2026-10-05T08:59:26.060Z - [32minfo[39m: Site data built
2026-10-05T08:59:26.060Z - [32minfo[39m: Pages rebuilt
2026-10-05T08:59:26.060Z - [32minfo[39m: Website regeneration complete! Total build time: 0.963s
2026-10-05T09:00:39.691Z - [32minfo[39m: [17:00:39] Reload for file change: /Users/damithch/Repos/nus-cs2103/cs2103-website-base/book/modeling/modelingASolution/basic/text.md
2026-10-05T09:00:39.692Z - [32minfo[39m: Synchronizing opened pages list before reload
2026-10-05T09:00:39.694Z - [32minfo[39m: Current opened pages, from most-to-least recent:
2026-10-05T09:00:39.694Z - [32minfo[39m: 1. schedule/week9/topics
2026-10-05T09:00:40.710Z - [32minfo[39m: Rebuilding 1 pages
2026-10-05T09:00:41.603Z - [36mverbose[39m: Rendering page: /Users/damithch/Repos/nus-cs2103/cs2103-website-base/schedule/week9/topics.md
2026-10-05T09:00:41.674Z - [32minfo[39m: Site data built
2026-10-05T09:00:41.674Z - [32minfo[39m: Pages rebuilt
2026-10-05T09:00:41.674Z - [32minfo[39m: Website regeneration complete! Total build time: 0.974s
2026-10-05T09:01:15.972Z - [32minfo[39m: [17:01:15] Reload for file change: /Users/damithch/Repos/nus-cs2103/cs2103-website-base/book/modeling/modelingASolution/basic/text.md
2026-10-05T09:01:15.978Z - [32minfo[39m: Synchronizing opened pages list before reload
2026-10-05T09:01:15.978Z - [32minfo[39m: Current opened pages, from most-to-least recent:
2026-10-05T09:01:15.979Z - [32minfo[39m: 1. schedule/week9/topics
2026-10-05T09:01:17.002Z - [32minfo[39m: Rebuilding 1 pages
2026-10-05T09:01:17.915Z - [36mverbose[39m: Rendering page: /Users/damithch/Repos/nus-cs2103/cs2103-website-base/schedule/week9/topics.md
2026-10-05T09:01:17.974Z - [32minfo[39m: Site data built
2026-10-05T09:01:17.974Z - [32minfo[39m: Pages rebuilt
2026-10-05T09:01:17.974Z - [32minfo[39m: Website regeneration complete! Total build time: 0.99s
2026-10-05T09:01:23.638Z - [32minfo[39m: Website generation started at 17:01:23
2026-10-05T09:01:24.042Z - [32minfo[39m: Building assets...
